E3c started at Thu May 14 20:01:42 UTC 2026
device=cuda sizes=[800, 1200, 1500] seeds=[90, 91, 92] max_steps=3000
loaded 1,166,609 full train tokens, 100 probe problems

========== 800 problems (124,887 tokens) ==========

[800p composite seed=90] training...
[composite] model: d=896 L=12 H=16 → 161.7M params
huggingface/tokenizers: The current process just got forked, after parallelism has already been used. Disabling parallelism to avoid deadlocks...
To disable this warning, you can either:
	- Avoid using `tokenizers` before the fork if possible
	- Explicitly set the environment variable TOKENIZERS_PARALLELISM=(true | false)
huggingface/tokenizers: The current process just got forked, after parallelism has already been used. Disabling parallelism to avoid deadlocks...
To disable this warning, you can either:
	- Avoid using `tokenizers` before the fork if possible
	- Explicitly set the environment variable TOKENIZERS_PARALLELISM=(true | false)
[composite] step     0/3000 mode=ar   loss=10.9858 α=1.00 lr=0.00e+00 wall=1s
[composite] step   200/3000 mode=ar   loss=4.4992 α=0.97 lr=6.00e-04 wall=17s
[composite] step   400/3000 mode=ar   loss=4.0728 α=0.93 lr=5.93e-04 wall=32s
[composite] step   600/3000 mode=diff loss=6.4400 α=0.90 lr=5.73e-04 wall=48s
[composite] step   800/3000 mode=ar   loss=3.3340 α=0.87 lr=5.41e-04 wall=64s
[composite] step  1000/3000 mode=ar   loss=3.4532 α=0.83 lr=4.98e-04 wall=80s
[composite] step  1200/3000 mode=ar   loss=3.0964 α=0.80 lr=4.47e-04 wall=96s
[composite] step  1400/3000 mode=ar   loss=3.0109 α=0.77 lr=3.90e-04 wall=112s
[composite] step  1600/3000 mode=ar   loss=2.7648 α=0.73 lr=3.30e-04 wall=128s
[composite] step  1800/3000 mode=ar   loss=2.5628 α=0.70 lr=2.70e-04 wall=144s
[composite] step  2000/3000 mode=ar   loss=2.0237 α=0.67 lr=2.13e-04 wall=160s
[composite] step  2200/3000 mode=ar   loss=1.9614 α=0.63 lr=1.62e-04 wall=176s
[composite] step  2400/3000 mode=diff loss=5.4769 α=0.60 lr=1.19e-04 wall=192s
[composite] step  2600/3000 mode=ar   loss=1.6817 α=0.57 lr=8.67e-05 wall=208s
[composite] step  2800/3000 mode=diff loss=5.5789 α=0.53 lr=6.68e-05 wall=223s
[composite] done. 239s. wrote /workspace/sfumato/e5/results/e3c_d3_crossover/800p/composite_seed90/model.pt and /workspace/sfumato/e5/results/e3c_d3_crossover/800p/composite_seed90/summary.json
  train wall_s=246.1
  AR-NLL = 3.5209

[800p composite seed=91] training...
[composite] model: d=896 L=12 H=16 → 161.7M params
huggingface/tokenizers: The current process just got forked, after parallelism has already been used. Disabling parallelism to avoid deadlocks...
To disable this warning, you can either:
	- Avoid using `tokenizers` before the fork if possible
	- Explicitly set the environment variable TOKENIZERS_PARALLELISM=(true | false)
huggingface/tokenizers: The current process just got forked, after parallelism has already been used. Disabling parallelism to avoid deadlocks...
To disable this warning, you can either:
	- Avoid using `tokenizers` before the fork if possible
	- Explicitly set the environment variable TOKENIZERS_PARALLELISM=(true | false)
[composite] step     0/3000 mode=ar   loss=10.9972 α=1.00 lr=0.00e+00 wall=0s
[composite] step   200/3000 mode=ar   loss=4.7921 α=0.97 lr=6.00e-04 wall=16s
[composite] step   400/3000 mode=ar   loss=4.5112 α=0.93 lr=5.93e-04 wall=32s
[composite] step   600/3000 mode=ar   loss=3.9015 α=0.90 lr=5.73e-04 wall=48s
[composite] step   800/3000 mode=ar   loss=3.6573 α=0.87 lr=5.41e-04 wall=64s
[composite] step  1000/3000 mode=ar   loss=3.4019 α=0.83 lr=4.98e-04 wall=80s
[composite] step  1200/3000 mode=ar   loss=2.9435 α=0.80 lr=4.47e-04 wall=96s
[composite] step  1400/3000 mode=ar   loss=2.7464 α=0.77 lr=3.90e-04 wall=112s
[composite] step  1600/3000 mode=ar   loss=2.3753 α=0.73 lr=3.30e-04 wall=128s
[composite] step  1800/3000 mode=ar   loss=2.3109 α=0.70 lr=2.70e-04 wall=144s
[composite] step  2000/3000 mode=ar   loss=2.1833 α=0.67 lr=2.13e-04 wall=160s
[composite] step  2200/3000 mode=ar   loss=1.9730 α=0.63 lr=1.62e-04 wall=176s
[composite] step  2400/3000 mode=diff loss=6.1239 α=0.60 lr=1.19e-04 wall=192s
[composite] step  2600/3000 mode=ar   loss=2.1070 α=0.57 lr=8.67e-05 wall=208s
[composite] step  2800/3000 mode=diff loss=5.5972 α=0.53 lr=6.68e-05 wall=223s
[composite] done. 239s. wrote /workspace/sfumato/e5/results/e3c_d3_crossover/800p/composite_seed91/model.pt and /workspace/sfumato/e5/results/e3c_d3_crossover/800p/composite_seed91/summary.json
  train wall_s=244.4
  AR-NLL = 3.5151

[800p composite seed=92] training...
[composite] model: d=896 L=12 H=16 → 161.7M params
huggingface/tokenizers: The current process just got forked, after parallelism has already been used. Disabling parallelism to avoid deadlocks...
To disable this warning, you can either:
	- Avoid using `tokenizers` before the fork if possible
	- Explicitly set the environment variable TOKENIZERS_PARALLELISM=(true | false)
huggingface/tokenizers: The current process just got forked, after parallelism has already been used. Disabling parallelism to avoid deadlocks...
To disable this warning, you can either:
	- Avoid using `tokenizers` before the fork if possible
	- Explicitly set the environment variable TOKENIZERS_PARALLELISM=(true | false)
[composite] step     0/3000 mode=ar   loss=10.8219 α=1.00 lr=0.00e+00 wall=0s
[composite] step   200/3000 mode=ar   loss=4.6069 α=0.97 lr=6.00e-04 wall=16s
[composite] step   400/3000 mode=ar   loss=4.2432 α=0.93 lr=5.93e-04 wall=32s
[composite] step   600/3000 mode=ar   loss=3.8705 α=0.90 lr=5.73e-04 wall=48s
[composite] step   800/3000 mode=ar   loss=3.9259 α=0.87 lr=5.41e-04 wall=64s
[composite] step  1000/3000 mode=ar   loss=3.2397 α=0.83 lr=4.98e-04 wall=80s
[composite] step  1200/3000 mode=ar   loss=2.8276 α=0.80 lr=4.47e-04 wall=96s
[composite] step  1400/3000 mode=ar   loss=2.9586 α=0.77 lr=3.90e-04 wall=112s
[composite] step  1600/3000 mode=ar   loss=2.8191 α=0.73 lr=3.30e-04 wall=128s
[composite] step  1800/3000 mode=ar   loss=2.5654 α=0.70 lr=2.70e-04 wall=144s
[composite] step  2000/3000 mode=ar   loss=2.4786 α=0.67 lr=2.13e-04 wall=160s
[composite] step  2200/3000 mode=ar   loss=2.1215 α=0.63 lr=1.62e-04 wall=176s
[composite] step  2400/3000 mode=ar   loss=2.0661 α=0.60 lr=1.19e-04 wall=192s
[composite] step  2600/3000 mode=diff loss=6.2027 α=0.57 lr=8.67e-05 wall=208s
[composite] step  2800/3000 mode=ar   loss=1.8649 α=0.53 lr=6.68e-05 wall=224s
[composite] done. 240s. wrote /workspace/sfumato/e5/results/e3c_d3_crossover/800p/composite_seed92/model.pt and /workspace/sfumato/e5/results/e3c_d3_crossover/800p/composite_seed92/summary.json
  train wall_s=244.8
  AR-NLL = 3.553

[800p ar_only seed=90] training...
[ar_only] model: d=896 L=12 H=16 → 161.7M params
huggingface/tokenizers: The current process just got forked, after parallelism has already been used. Disabling parallelism to avoid deadlocks...
To disable this warning, you can either:
	- Avoid using `tokenizers` before the fork if possible
	- Explicitly set the environment variable TOKENIZERS_PARALLELISM=(true | false)
huggingface/tokenizers: The current process just got forked, after parallelism has already been used. Disabling parallelism to avoid deadlocks...
To disable this warning, you can either:
	- Avoid using `tokenizers` before the fork if possible
	- Explicitly set the environment variable TOKENIZERS_PARALLELISM=(true | false)
[ar_only] step     0/3000 mode=ar   loss=10.9858 α=1.00 lr=0.00e+00 wall=0s
[ar_only] step   200/3000 mode=ar   loss=4.4931 α=1.00 lr=6.00e-04 wall=16s
[ar_only] step   400/3000 mode=ar   loss=3.9846 α=1.00 lr=5.93e-04 wall=32s
[ar_only] step   600/3000 mode=ar   loss=3.8236 α=1.00 lr=5.73e-04 wall=48s
[ar_only] step   800/3000 mode=ar   loss=3.2666 α=1.00 lr=5.41e-04 wall=64s
[ar_only] step  1000/3000 mode=ar   loss=3.2920 α=1.00 lr=4.98e-04 wall=80s
[ar_only] step  1200/3000 mode=ar   loss=3.0163 α=1.00 lr=4.47e-04 wall=96s
[ar_only] step  1400/3000 mode=ar   loss=2.7819 α=1.00 lr=3.90e-04 wall=112s
[ar_only] step  1600/3000 mode=ar   loss=2.4660 α=1.00 lr=3.30e-04 wall=128s
[ar_only] step  1800/3000 mode=ar   loss=2.2986 α=1.00 lr=2.70e-04 wall=144s
[ar_only] step  2000/3000 mode=ar   loss=1.6292 α=1.00 lr=2.13e-04 wall=160s
[ar_only] step  2200/3000 mode=ar   loss=1.4967 α=1.00 lr=1.62e-04 wall=175s
[ar_only] step  2400/3000 mode=ar   loss=1.2374 α=1.00 lr=1.19e-04 wall=191s
[ar_only] step  2600/3000 mode=ar   loss=1.0541 α=1.00 lr=8.67e-05 wall=207s
[ar_only] step  2800/3000 mode=ar   loss=1.0493 α=1.00 lr=6.68e-05 wall=223s
[ar_only] done. 239s. wrote /workspace/sfumato/e5/results/e3c_d3_crossover/800p/ar_only_seed90/model.pt and /workspace/sfumato/e5/results/e3c_d3_crossover/800p/ar_only_seed90/summary.json
  train wall_s=244.6
  AR-NLL = 3.7339

[800p ar_only seed=91] training...
[ar_only] model: d=896 L=12 H=16 → 161.7M params
huggingface/tokenizers: The current process just got forked, after parallelism has already been used. Disabling parallelism to avoid deadlocks...
To disable this warning, you can either:
	- Avoid using `tokenizers` before the fork if possible
	- Explicitly set the environment variable TOKENIZERS_PARALLELISM=(true | false)
huggingface/tokenizers: The current process just got forked, after parallelism has already been used. Disabling parallelism to avoid deadlocks...
To disable this warning, you can either:
	- Avoid using `tokenizers` before the fork if possible
	- Explicitly set the environment variable TOKENIZERS_PARALLELISM=(true | false)
[ar_only] step     0/3000 mode=ar   loss=10.9972 α=1.00 lr=0.00e+00 wall=0s
[ar_only] step   200/3000 mode=ar   loss=4.7329 α=1.00 lr=6.00e-04 wall=16s
[ar_only] step   400/3000 mode=ar   loss=4.4406 α=1.00 lr=5.93e-04 wall=32s
[ar_only] step   600/3000 mode=ar   loss=3.8950 α=1.00 lr=5.73e-04 wall=48s
[ar_only] step   800/3000 mode=ar   loss=3.5866 α=1.00 lr=5.41e-04 wall=64s
[ar_only] step  1000/3000 mode=ar   loss=3.3536 α=1.00 lr=4.98e-04 wall=80s
[ar_only] step  1200/3000 mode=ar   loss=2.7396 α=1.00 lr=4.47e-04 wall=96s
[ar_only] step  1400/3000 mode=ar   loss=2.4369 α=1.00 lr=3.90e-04 wall=112s
[ar_only] step  1600/3000 mode=ar   loss=2.1648 α=1.00 lr=3.30e-04 wall=128s
[ar_only] step  1800/3000 mode=ar   loss=1.9423 α=1.00 lr=2.70e-04 wall=144s
[ar_only] step  2000/3000 mode=ar   loss=1.7217 α=1.00 lr=2.13e-04 wall=160s
[ar_only] step  2200/3000 mode=ar   loss=1.5363 α=1.00 lr=1.62e-04 wall=176s
[ar_only] step  2400/3000 mode=ar   loss=1.4894 α=1.00 lr=1.19e-04 wall=192s
[ar_only] step  2600/3000 mode=ar   loss=1.5328 α=1.00 lr=8.67e-05 wall=208s
[ar_only] step  2800/3000 mode=ar   loss=1.1926 α=1.00 lr=6.68e-05 wall=224s
[ar_only] done. 240s. wrote /workspace/sfumato/e5/results/e3c_d3_crossover/800p/ar_only_seed91/model.pt and /workspace/sfumato/e5/results/e3c_d3_crossover/800p/ar_only_seed91/summary.json
  train wall_s=244.2
  AR-NLL = 3.5886

[800p ar_only seed=92] training...
[ar_only] model: d=896 L=12 H=16 → 161.7M params
huggingface/tokenizers: The current process just got forked, after parallelism has already been used. Disabling parallelism to avoid deadlocks...
To disable this warning, you can either:
	- Avoid using `tokenizers` before the fork if possible
	- Explicitly set the environment variable TOKENIZERS_PARALLELISM=(true | false)
huggingface/tokenizers: The current process just got forked, after parallelism has already been used. Disabling parallelism to avoid deadlocks...
To disable this warning, you can either:
	- Avoid using `tokenizers` before the fork if possible
	- Explicitly set the environment variable TOKENIZERS_PARALLELISM=(true | false)
[ar_only] step     0/3000 mode=ar   loss=10.8219 α=1.00 lr=0.00e+00 wall=0s
[ar_only] step   200/3000 mode=ar   loss=4.6020 α=1.00 lr=6.00e-04 wall=16s
[ar_only] step   400/3000 mode=ar   loss=4.1521 α=1.00 lr=5.93e-04 wall=32s
[ar_only] step   600/3000 mode=ar   loss=3.7799 α=1.00 lr=5.73e-04 wall=48s
[ar_only] step   800/3000 mode=ar   loss=3.8077 α=1.00 lr=5.41e-04 wall=64s
[ar_only] step  1000/3000 mode=ar   loss=3.0804 α=1.00 lr=4.98e-04 wall=80s
[ar_only] step  1200/3000 mode=ar   loss=2.5213 α=1.00 lr=4.47e-04 wall=96s
[ar_only] step  1400/3000 mode=ar   loss=2.6427 α=1.00 lr=3.90e-04 wall=112s
[ar_only] step  1600/3000 mode=ar   loss=2.4583 α=1.00 lr=3.30e-04 wall=128s
[ar_only] step  1800/3000 mode=ar   loss=2.1122 α=1.00 lr=2.70e-04 wall=144s
[ar_only] step  2000/3000 mode=ar   loss=2.0340 α=1.00 lr=2.13e-04 wall=160s
[ar_only] step  2200/3000 mode=ar   loss=1.5408 α=1.00 lr=1.62e-04 wall=176s
[ar_only] step  2400/3000 mode=ar   loss=1.4824 α=1.00 lr=1.19e-04 wall=192s
[ar_only] step  2600/3000 mode=ar   loss=1.3152 α=1.00 lr=8.67e-05 wall=208s
[ar_only] step  2800/3000 mode=ar   loss=1.1873 α=1.00 lr=6.68e-05 wall=224s
[ar_only] done. 240s. wrote /workspace/sfumato/e5/results/e3c_d3_crossover/800p/ar_only_seed92/model.pt and /workspace/sfumato/e5/results/e3c_d3_crossover/800p/ar_only_seed92/summary.json
  train wall_s=245.5
  AR-NLL = 3.7628

========== 1200 problems (187,331 tokens) ==========

[1200p composite seed=90] training...
[composite] model: d=896 L=12 H=16 → 161.7M params
huggingface/tokenizers: The current process just got forked, after parallelism has already been used. Disabling parallelism to avoid deadlocks...
To disable this warning, you can either:
	- Avoid using `tokenizers` before the fork if possible
	- Explicitly set the environment variable TOKENIZERS_PARALLELISM=(true | false)
huggingface/tokenizers: The current process just got forked, after parallelism has already been used. Disabling parallelism to avoid deadlocks...
To disable this warning, you can either:
	- Avoid using `tokenizers` before the fork if possible
	- Explicitly set the environment variable TOKENIZERS_PARALLELISM=(true | false)
[composite] step     0/3000 mode=ar   loss=11.0062 α=1.00 lr=0.00e+00 wall=0s
[composite] step   200/3000 mode=ar   loss=4.9614 α=0.97 lr=6.00e-04 wall=16s
[composite] step   400/3000 mode=ar   loss=4.3659 α=0.93 lr=5.93e-04 wall=32s
[composite] step   600/3000 mode=diff loss=6.4807 α=0.90 lr=5.73e-04 wall=48s
[composite] step   800/3000 mode=ar   loss=3.6484 α=0.87 lr=5.41e-04 wall=64s
[composite] step  1000/3000 mode=ar   loss=3.7397 α=0.83 lr=4.98e-04 wall=80s
[composite] step  1200/3000 mode=ar   loss=3.6424 α=0.80 lr=4.47e-04 wall=96s
[composite] step  1400/3000 mode=ar   loss=3.6196 α=0.77 lr=3.90e-04 wall=112s
[composite] step  1600/3000 mode=ar   loss=3.3603 α=0.73 lr=3.30e-04 wall=128s
[composite] step  1800/3000 mode=ar   loss=3.0791 α=0.70 lr=2.70e-04 wall=144s
[composite] step  2000/3000 mode=ar   loss=2.7932 α=0.67 lr=2.13e-04 wall=160s
[composite] step  2200/3000 mode=ar   loss=2.5696 α=0.63 lr=1.62e-04 wall=176s
[composite] step  2400/3000 mode=diff loss=6.0020 α=0.60 lr=1.19e-04 wall=192s
[composite] step  2600/3000 mode=ar   loss=2.7246 α=0.57 lr=8.67e-05 wall=208s
[composite] step  2800/3000 mode=diff loss=5.9277 α=0.53 lr=6.68e-05 wall=224s
[composite] done. 240s. wrote /workspace/sfumato/e5/results/e3c_d3_crossover/1200p/composite_seed90/model.pt and /workspace/sfumato/e5/results/e3c_d3_crossover/1200p/composite_seed90/summary.json
  train wall_s=245.9
  AR-NLL = 3.1886

[1200p composite seed=91] training...
[composite] model: d=896 L=12 H=16 → 161.7M params
huggingface/tokenizers: The current process just got forked, after parallelism has already been used. Disabling parallelism to avoid deadlocks...
To disable this warning, you can either:
	- Avoid using `tokenizers` before the fork if possible
	- Explicitly set the environment variable TOKENIZERS_PARALLELISM=(true | false)
huggingface/tokenizers: The current process just got forked, after parallelism has already been used. Disabling parallelism to avoid deadlocks...
To disable this warning, you can either:
	- Avoid using `tokenizers` before the fork if possible
	- Explicitly set the environment variable TOKENIZERS_PARALLELISM=(true | false)
[composite] step     0/3000 mode=ar   loss=11.0203 α=1.00 lr=0.00e+00 wall=0s
[composite] step   200/3000 mode=ar   loss=4.7950 α=0.97 lr=6.00e-04 wall=16s
[composite] step   400/3000 mode=ar   loss=4.3898 α=0.93 lr=5.93e-04 wall=32s
[composite] step   600/3000 mode=ar   loss=4.0666 α=0.90 lr=5.73e-04 wall=48s
[composite] step   800/3000 mode=ar   loss=3.9026 α=0.87 lr=5.41e-04 wall=64s
[composite] step  1000/3000 mode=ar   loss=3.5155 α=0.83 lr=4.98e-04 wall=80s
[composite] step  1200/3000 mode=ar   loss=3.4695 α=0.80 lr=4.47e-04 wall=96s
[composite] step  1400/3000 mode=ar   loss=2.9803 α=0.77 lr=3.90e-04 wall=112s
[composite] step  1600/3000 mode=ar   loss=2.8808 α=0.73 lr=3.30e-04 wall=128s
[composite] step  1800/3000 mode=ar   loss=2.6613 α=0.70 lr=2.70e-04 wall=144s
[composite] step  2000/3000 mode=ar   loss=2.7913 α=0.67 lr=2.13e-04 wall=160s
[composite] step  2200/3000 mode=ar   loss=2.7143 α=0.63 lr=1.62e-04 wall=176s
[composite] step  2400/3000 mode=diff loss=6.0748 α=0.60 lr=1.19e-04 wall=192s
[composite] step  2600/3000 mode=ar   loss=2.5266 α=0.57 lr=8.67e-05 wall=208s
[composite] step  2800/3000 mode=diff loss=5.6137 α=0.53 lr=6.68e-05 wall=224s
[composite] done. 240s. wrote /workspace/sfumato/e5/results/e3c_d3_crossover/1200p/composite_seed91/model.pt and /workspace/sfumato/e5/results/e3c_d3_crossover/1200p/composite_seed91/summary.json
  train wall_s=245.7
  AR-NLL = 3.1814

[1200p composite seed=92] training...
[composite] model: d=896 L=12 H=16 → 161.7M params
huggingface/tokenizers: The current process just got forked, after parallelism has already been used. Disabling parallelism to avoid deadlocks...
To disable this warning, you can either:
	- Avoid using `tokenizers` before the fork if possible
	- Explicitly set the environment variable TOKENIZERS_PARALLELISM=(true | false)
huggingface/tokenizers: The current process just got forked, after parallelism has already been used. Disabling parallelism to avoid deadlocks...
To disable this warning, you can either:
	- Avoid using `tokenizers` before the fork if possible
	- Explicitly set the environment variable TOKENIZERS_PARALLELISM=(true | false)
[composite] step     0/3000 mode=ar   loss=10.9962 α=1.00 lr=0.00e+00 wall=0s
[composite] step   200/3000 mode=ar   loss=4.8336 α=0.97 lr=6.00e-04 wall=16s
[composite] step   400/3000 mode=ar   loss=4.3054 α=0.93 lr=5.93e-04 wall=32s
[composite] step   600/3000 mode=ar   loss=4.3396 α=0.90 lr=5.73e-04 wall=48s
[composite] step   800/3000 mode=ar   loss=3.8294 α=0.87 lr=5.41e-04 wall=64s
[composite] step  1000/3000 mode=ar   loss=3.4775 α=0.83 lr=4.98e-04 wall=80s
[composite] step  1200/3000 mode=ar   loss=3.2112 α=0.80 lr=4.47e-04 wall=96s
[composite] step  1400/3000 mode=ar   loss=3.3923 α=0.77 lr=3.90e-04 wall=112s
[composite] step  1600/3000 mode=ar   loss=3.3756 α=0.73 lr=3.30e-04 wall=128s
[composite] step  1800/3000 mode=ar   loss=3.0158 α=0.70 lr=2.70e-04 wall=143s
[composite] step  2000/3000 mode=ar   loss=3.2264 α=0.67 lr=2.13e-04 wall=159s
[composite] step  2200/3000 mode=ar   loss=2.7710 α=0.63 lr=1.62e-04 wall=175s
[composite] step  2400/3000 mode=ar   loss=2.7034 α=0.60 lr=1.19e-04 wall=191s
[composite] step  2600/3000 mode=diff loss=6.1572 α=0.57 lr=8.67e-05 wall=207s
[composite] step  2800/3000 mode=ar   loss=2.4839 α=0.53 lr=6.68e-05 wall=223s
[composite] done. 239s. wrote /workspace/sfumato/e5/results/e3c_d3_crossover/1200p/composite_seed92/model.pt and /workspace/sfumato/e5/results/e3c_d3_crossover/1200p/composite_seed92/summary.json
  train wall_s=244.3
  AR-NLL = 3.2112

[1200p ar_only seed=90] training...
[ar_only] model: d=896 L=12 H=16 → 161.7M params
huggingface/tokenizers: The current process just got forked, after parallelism has already been used. Disabling parallelism to avoid deadlocks...
To disable this warning, you can either:
	- Avoid using `tokenizers` before the fork if possible
	- Explicitly set the environment variable TOKENIZERS_PARALLELISM=(true | false)
huggingface/tokenizers: The current process just got forked, after parallelism has already been used. Disabling parallelism to avoid deadlocks...
To disable this warning, you can either:
	- Avoid using `tokenizers` before the fork if possible
	- Explicitly set the environment variable TOKENIZERS_PARALLELISM=(true | false)
[ar_only] step     0/3000 mode=ar   loss=11.0062 α=1.00 lr=0.00e+00 wall=0s
[ar_only] step   200/3000 mode=ar   loss=4.9246 α=1.00 lr=6.00e-04 wall=16s
[ar_only] step   400/3000 mode=ar   loss=4.2475 α=1.00 lr=5.93e-04 wall=32s
[ar_only] step   600/3000 mode=ar   loss=4.0025 α=1.00 lr=5.73e-04 wall=48s
[ar_only] step   800/3000 mode=ar   loss=3.6841 α=1.00 lr=5.41e-04 wall=64s
[ar_only] step  1000/3000 mode=ar   loss=3.6454 α=1.00 lr=4.98e-04 wall=80s
[ar_only] step  1200/3000 mode=ar   loss=3.5082 α=1.00 lr=4.47e-04 wall=96s
[ar_only] step  1400/3000 mode=ar   loss=3.4874 α=1.00 lr=3.90e-04 wall=112s
[ar_only] step  1600/3000 mode=ar   loss=3.0622 α=1.00 lr=3.30e-04 wall=128s
[ar_only] step  1800/3000 mode=ar   loss=2.8579 α=1.00 lr=2.70e-04 wall=144s
[ar_only] step  2000/3000 mode=ar   loss=2.4887 α=1.00 lr=2.13e-04 wall=160s
[ar_only] step  2200/3000 mode=ar   loss=2.2210 α=1.00 lr=1.62e-04 wall=176s
[ar_only] step  2400/3000 mode=ar   loss=2.0692 α=1.00 lr=1.19e-04 wall=192s
[ar_only] step  2600/3000 mode=ar   loss=2.2549 α=1.00 lr=8.67e-05 wall=208s
[ar_only] step  2800/3000 mode=ar   loss=2.0264 α=1.00 lr=6.68e-05 wall=224s
[ar_only] done. 240s. wrote /workspace/sfumato/e5/results/e3c_d3_crossover/1200p/ar_only_seed90/model.pt and /workspace/sfumato/e5/results/e3c_d3_crossover/1200p/ar_only_seed90/summary.json
  train wall_s=245.6
  AR-NLL = 3.1319

[1200p ar_only seed=91] training...
[ar_only] model: d=896 L=12 H=16 → 161.7M params
huggingface/tokenizers: The current process just got forked, after parallelism has already been used. Disabling parallelism to avoid deadlocks...
To disable this warning, you can either:
	- Avoid using `tokenizers` before the fork if possible
	- Explicitly set the environment variable TOKENIZERS_PARALLELISM=(true | false)
huggingface/tokenizers: The current process just got forked, after parallelism has already been used. Disabling parallelism to avoid deadlocks...
To disable this warning, you can either:
	- Avoid using `tokenizers` before the fork if possible
	- Explicitly set the environment variable TOKENIZERS_PARALLELISM=(true | false)
[ar_only] step     0/3000 mode=ar   loss=11.0203 α=1.00 lr=0.00e+00 wall=0s
[ar_only] step   200/3000 mode=ar   loss=4.7970 α=1.00 lr=6.00e-04 wall=16s
[ar_only] step   400/3000 mode=ar   loss=4.3570 α=1.00 lr=5.93e-04 wall=32s
[ar_only] step   600/3000 mode=ar   loss=4.0015 α=1.00 lr=5.73e-04 wall=48s
[ar_only] step   800/3000 mode=ar   loss=3.7548 α=1.00 lr=5.41e-04 wall=64s
[ar_only] step  1000/3000 mode=ar   loss=3.4611 α=1.00 lr=4.98e-04 wall=80s
[ar_only] step  1200/3000 mode=ar   loss=3.2876 α=1.00 lr=4.47e-04 wall=96s
[ar_only] step  1400/3000 mode=ar   loss=2.6735 α=1.00 lr=3.90e-04 wall=113s
[ar_only] step  1600/3000 mode=ar   loss=2.6594 α=1.00 lr=3.30e-04 wall=129s
[ar_only] step  1800/3000 mode=ar   loss=2.4470 α=1.00 lr=2.70e-04 wall=145s
[ar_only] step  2000/3000 mode=ar   loss=2.4227 α=1.00 lr=2.13e-04 wall=161s
[ar_only] step  2200/3000 mode=ar   loss=2.3873 α=1.00 lr=1.62e-04 wall=177s
[ar_only] step  2400/3000 mode=ar   loss=2.2856 α=1.00 lr=1.19e-04 wall=193s
[ar_only] step  2600/3000 mode=ar   loss=2.1751 α=1.00 lr=8.67e-05 wall=209s
[ar_only] step  2800/3000 mode=ar   loss=2.0985 α=1.00 lr=6.68e-05 wall=225s
[ar_only] done. 241s. wrote /workspace/sfumato/e5/results/e3c_d3_crossover/1200p/ar_only_seed91/model.pt and /workspace/sfumato/e5/results/e3c_d3_crossover/1200p/ar_only_seed91/summary.json
  train wall_s=245.7
  AR-NLL = 3.1518

[1200p ar_only seed=92] training...
[ar_only] model: d=896 L=12 H=16 → 161.7M params
huggingface/tokenizers: The current process just got forked, after parallelism has already been used. Disabling parallelism to avoid deadlocks...
To disable this warning, you can either:
	- Avoid using `tokenizers` before the fork if possible
	- Explicitly set the environment variable TOKENIZERS_PARALLELISM=(true | false)
huggingface/tokenizers: The current process just got forked, after parallelism has already been used. Disabling parallelism to avoid deadlocks...
To disable this warning, you can either:
	- Avoid using `tokenizers` before the fork if possible
	- Explicitly set the environment variable TOKENIZERS_PARALLELISM=(true | false)
[ar_only] step     0/3000 mode=ar   loss=10.9962 α=1.00 lr=0.00e+00 wall=0s
[ar_only] step   200/3000 mode=ar   loss=4.8269 α=1.00 lr=6.00e-04 wall=16s
[ar_only] step   400/3000 mode=ar   loss=4.2406 α=1.00 lr=5.93e-04 wall=32s
[ar_only] step   600/3000 mode=ar   loss=4.2671 α=1.00 lr=5.73e-04 wall=48s
[ar_only] step   800/3000 mode=ar   loss=3.7808 α=1.00 lr=5.41e-04 wall=64s
[ar_only] step  1000/3000 mode=ar   loss=3.4004 α=1.00 lr=4.98e-04 wall=80s
[ar_only] step  1200/3000 mode=ar   loss=3.0313 α=1.00 lr=4.47e-04 wall=96s
[ar_only] step  1400/3000 mode=ar   loss=3.1541 α=1.00 lr=3.90e-04 wall=112s
[ar_only] step  1600/3000 mode=ar   loss=3.0955 α=1.00 lr=3.30e-04 wall=128s
[ar_only] step  1800/3000 mode=ar   loss=2.7369 α=1.00 lr=2.70e-04 wall=144s
[ar_only] step  2000/3000 mode=ar   loss=2.8507 α=1.00 lr=2.13e-04 wall=160s
[ar_only] step  2200/3000 mode=ar   loss=2.3917 α=1.00 lr=1.62e-04 wall=176s
[ar_only] step  2400/3000 mode=ar   loss=2.3263 α=1.00 lr=1.19e-04 wall=192s
[ar_only] step  2600/3000 mode=ar   loss=2.2316 α=1.00 lr=8.67e-05 wall=208s
[ar_only] step  2800/3000 mode=ar   loss=1.9093 α=1.00 lr=6.68e-05 wall=224s
[ar_only] done. 240s. wrote /workspace/sfumato/e5/results/e3c_d3_crossover/1200p/ar_only_seed92/model.pt and /workspace/sfumato/e5/results/e3c_d3_crossover/1200p/ar_only_seed92/summary.json
  train wall_s=245.3
  AR-NLL = 3.141

========== 1500 problems (234,164 tokens) ==========

[1500p composite seed=90] training...
[composite] model: d=896 L=12 H=16 → 161.7M params
huggingface/tokenizers: The current process just got forked, after parallelism has already been used. Disabling parallelism to avoid deadlocks...
To disable this warning, you can either:
	- Avoid using `tokenizers` before the fork if possible
	- Explicitly set the environment variable TOKENIZERS_PARALLELISM=(true | false)
huggingface/tokenizers: The current process just got forked, after parallelism has already been used. Disabling parallelism to avoid deadlocks...
To disable this warning, you can either:
	- Avoid using `tokenizers` before the fork if possible
	- Explicitly set the environment variable TOKENIZERS_PARALLELISM=(true | false)
[composite] step     0/3000 mode=ar   loss=11.0049 α=1.00 lr=0.00e+00 wall=0s
[composite] step   200/3000 mode=ar   loss=4.7197 α=0.97 lr=6.00e-04 wall=16s
[composite] step   400/3000 mode=ar   loss=4.4214 α=0.93 lr=5.93e-04 wall=32s
[composite] step   600/3000 mode=diff loss=6.6141 α=0.90 lr=5.73e-04 wall=48s
[composite] step   800/3000 mode=ar   loss=3.9684 α=0.87 lr=5.41e-04 wall=64s
[composite] step  1000/3000 mode=ar   loss=3.7095 α=0.83 lr=4.98e-04 wall=80s
[composite] step  1200/3000 mode=ar   loss=3.7284 α=0.80 lr=4.47e-04 wall=96s
[composite] step  1400/3000 mode=ar   loss=3.6774 α=0.77 lr=3.90e-04 wall=111s
[composite] step  1600/3000 mode=ar   loss=3.2539 α=0.73 lr=3.30e-04 wall=127s
[composite] step  1800/3000 mode=ar   loss=3.6592 α=0.70 lr=2.70e-04 wall=143s
[composite] step  2000/3000 mode=ar   loss=2.9781 α=0.67 lr=2.13e-04 wall=159s
[composite] step  2200/3000 mode=ar   loss=2.9864 α=0.63 lr=1.62e-04 wall=175s
[composite] step  2400/3000 mode=diff loss=6.2346 α=0.60 lr=1.19e-04 wall=191s
[composite] step  2600/3000 mode=ar   loss=2.8904 α=0.57 lr=8.67e-05 wall=207s
[composite] step  2800/3000 mode=diff loss=6.2616 α=0.53 lr=6.68e-05 wall=223s
[composite] done. 239s. wrote /workspace/sfumato/e5/results/e3c_d3_crossover/1500p/composite_seed90/model.pt and /workspace/sfumato/e5/results/e3c_d3_crossover/1500p/composite_seed90/summary.json
  train wall_s=243.1
  AR-NLL = 2.9755

[1500p composite seed=91] training...
[composite] model: d=896 L=12 H=16 → 161.7M params
huggingface/tokenizers: The current process just got forked, after parallelism has already been used. Disabling parallelism to avoid deadlocks...
To disable this warning, you can either:
	- Avoid using `tokenizers` before the fork if possible
	- Explicitly set the environment variable TOKENIZERS_PARALLELISM=(true | false)
huggingface/tokenizers: The current process just got forked, after parallelism has already been used. Disabling parallelism to avoid deadlocks...
To disable this warning, you can either:
	- Avoid using `tokenizers` before the fork if possible
	- Explicitly set the environment variable TOKENIZERS_PARALLELISM=(true | false)
[composite] step     0/3000 mode=ar   loss=11.0051 α=1.00 lr=0.00e+00 wall=0s
[composite] step   200/3000 mode=ar   loss=4.7929 α=0.97 lr=6.00e-04 wall=16s
[composite] step   400/3000 mode=ar   loss=4.5291 α=0.93 lr=5.93e-04 wall=32s
[composite] step   600/3000 mode=ar   loss=4.4143 α=0.90 lr=5.73e-04 wall=48s
[composite] step   800/3000 mode=ar   loss=3.8844 α=0.87 lr=5.41e-04 wall=64s
[composite] step  1000/3000 mode=ar   loss=3.7179 α=0.83 lr=4.98e-04 wall=80s
[composite] step  1200/3000 mode=ar   loss=3.4777 α=0.80 lr=4.47e-04 wall=96s
[composite] step  1400/3000 mode=ar   loss=3.4699 α=0.77 lr=3.90e-04 wall=112s
[composite] step  1600/3000 mode=ar   loss=3.3290 α=0.73 lr=3.30e-04 wall=127s
[composite] step  1800/3000 mode=ar   loss=3.1173 α=0.70 lr=2.70e-04 wall=143s
[composite] step  2000/3000 mode=ar   loss=3.2042 α=0.67 lr=2.13e-04 wall=159s
[composite] step  2200/3000 mode=ar   loss=2.6554 α=0.63 lr=1.62e-04 wall=175s
[composite] step  2400/3000 mode=diff loss=6.0762 α=0.60 lr=1.19e-04 wall=191s
[composite] step  2600/3000 mode=ar   loss=2.5954 α=0.57 lr=8.67e-05 wall=207s
[composite] step  2800/3000 mode=diff loss=6.0223 α=0.53 lr=6.68e-05 wall=223s
[composite] done. 239s. wrote /workspace/sfumato/e5/results/e3c_d3_crossover/1500p/composite_seed91/model.pt and /workspace/sfumato/e5/results/e3c_d3_crossover/1500p/composite_seed91/summary.json
  train wall_s=244.3
  AR-NLL = 3.165

[1500p composite seed=92] training...
[composite] model: d=896 L=12 H=16 → 161.7M params
huggingface/tokenizers: The current process just got forked, after parallelism has already been used. Disabling parallelism to avoid deadlocks...
To disable this warning, you can either:
	- Avoid using `tokenizers` before the fork if possible
	- Explicitly set the environment variable TOKENIZERS_PARALLELISM=(true | false)
huggingface/tokenizers: The current process just got forked, after parallelism has already been used. Disabling parallelism to avoid deadlocks...
To disable this warning, you can either:
	- Avoid using `tokenizers` before the fork if possible
	- Explicitly set the environment variable TOKENIZERS_PARALLELISM=(true | false)
[composite] step     0/3000 mode=ar   loss=11.0013 α=1.00 lr=0.00e+00 wall=0s
[composite] step   200/3000 mode=ar   loss=5.0690 α=0.97 lr=6.00e-04 wall=16s
[composite] step   400/3000 mode=ar   loss=4.3369 α=0.93 lr=5.93e-04 wall=32s
[composite] step   600/3000 mode=ar   loss=4.6634 α=0.90 lr=5.73e-04 wall=48s
[composite] step   800/3000 mode=ar   loss=4.1731 α=0.87 lr=5.41e-04 wall=64s
[composite] step  1000/3000 mode=ar   loss=3.9311 α=0.83 lr=4.98e-04 wall=80s
[composite] step  1200/3000 mode=ar   loss=3.3036 α=0.80 lr=4.47e-04 wall=96s
[composite] step  1400/3000 mode=ar   loss=3.8538 α=0.77 lr=3.90e-04 wall=112s
[composite] step  1600/3000 mode=ar   loss=2.9893 α=0.73 lr=3.30e-04 wall=128s
[composite] step  1800/3000 mode=ar   loss=3.3869 α=0.70 lr=2.70e-04 wall=144s
[composite] step  2000/3000 mode=ar   loss=3.2261 α=0.67 lr=2.13e-04 wall=159s
[composite] step  2200/3000 mode=ar   loss=3.0423 α=0.63 lr=1.62e-04 wall=175s
[composite] step  2400/3000 mode=ar   loss=2.9696 α=0.60 lr=1.19e-04 wall=191s
[composite] step  2600/3000 mode=diff loss=6.0679 α=0.57 lr=8.67e-05 wall=207s
[composite] step  2800/3000 mode=ar   loss=2.7509 α=0.53 lr=6.68e-05 wall=223s
[composite] done. 239s. wrote /workspace/sfumato/e5/results/e3c_d3_crossover/1500p/composite_seed92/model.pt and /workspace/sfumato/e5/results/e3c_d3_crossover/1500p/composite_seed92/summary.json
  train wall_s=243.7
  AR-NLL = 3.1287

[1500p ar_only seed=90] training...
[ar_only] model: d=896 L=12 H=16 → 161.7M params
huggingface/tokenizers: The current process just got forked, after parallelism has already been used. Disabling parallelism to avoid deadlocks...
To disable this warning, you can either:
	- Avoid using `tokenizers` before the fork if possible
	- Explicitly set the environment variable TOKENIZERS_PARALLELISM=(true | false)
huggingface/tokenizers: The current process just got forked, after parallelism has already been used. Disabling parallelism to avoid deadlocks...
To disable this warning, you can either:
	- Avoid using `tokenizers` before the fork if possible
	- Explicitly set the environment variable TOKENIZERS_PARALLELISM=(true | false)
[ar_only] step     0/3000 mode=ar   loss=11.0049 α=1.00 lr=0.00e+00 wall=0s
[ar_only] step   200/3000 mode=ar   loss=4.7081 α=1.00 lr=6.00e-04 wall=16s
[ar_only] step   400/3000 mode=ar   loss=4.3709 α=1.00 lr=5.93e-04 wall=32s
[ar_only] step   600/3000 mode=ar   loss=4.3941 α=1.00 lr=5.73e-04 wall=48s
[ar_only] step   800/3000 mode=ar   loss=3.8769 α=1.00 lr=5.41e-04 wall=64s
[ar_only] step  1000/3000 mode=ar   loss=3.6880 α=1.00 lr=4.98e-04 wall=80s
[ar_only] step  1200/3000 mode=ar   loss=3.6703 α=1.00 lr=4.47e-04 wall=96s
[ar_only] step  1400/3000 mode=ar   loss=3.5918 α=1.00 lr=3.90e-04 wall=112s
[ar_only] step  1600/3000 mode=ar   loss=3.1085 α=1.00 lr=3.30e-04 wall=128s
[ar_only] step  1800/3000 mode=ar   loss=3.5461 α=1.00 lr=2.70e-04 wall=144s
[ar_only] step  2000/3000 mode=ar   loss=2.7171 α=1.00 lr=2.13e-04 wall=160s
[ar_only] step  2200/3000 mode=ar   loss=2.6977 α=1.00 lr=1.62e-04 wall=176s
[ar_only] step  2400/3000 mode=ar   loss=2.5376 α=1.00 lr=1.19e-04 wall=192s
[ar_only] step  2600/3000 mode=ar   loss=2.5335 α=1.00 lr=8.67e-05 wall=207s
[ar_only] step  2800/3000 mode=ar   loss=2.4814 α=1.00 lr=6.68e-05 wall=223s
[ar_only] done. 239s. wrote /workspace/sfumato/e5/results/e3c_d3_crossover/1500p/ar_only_seed90/model.pt and /workspace/sfumato/e5/results/e3c_d3_crossover/1500p/ar_only_seed90/summary.json
  train wall_s=244.6
  AR-NLL = 2.9174

[1500p ar_only seed=91] training...
[ar_only] model: d=896 L=12 H=16 → 161.7M params
huggingface/tokenizers: The current process just got forked, after parallelism has already been used. Disabling parallelism to avoid deadlocks...
To disable this warning, you can either:
	- Avoid using `tokenizers` before the fork if possible
	- Explicitly set the environment variable TOKENIZERS_PARALLELISM=(true | false)
huggingface/tokenizers: The current process just got forked, after parallelism has already been used. Disabling parallelism to avoid deadlocks...
To disable this warning, you can either:
	- Avoid using `tokenizers` before the fork if possible
	- Explicitly set the environment variable TOKENIZERS_PARALLELISM=(true | false)
[ar_only] step     0/3000 mode=ar   loss=11.0051 α=1.00 lr=0.00e+00 wall=0s
[ar_only] step   200/3000 mode=ar   loss=4.6637 α=1.00 lr=6.00e-04 wall=16s
[ar_only] step   400/3000 mode=ar   loss=4.5046 α=1.00 lr=5.93e-04 wall=32s
[ar_only] step   600/3000 mode=ar   loss=4.3384 α=1.00 lr=5.73e-04 wall=48s
[ar_only] step   800/3000 mode=ar   loss=3.7602 α=1.00 lr=5.41e-04 wall=64s
[ar_only] step  1000/3000 mode=ar   loss=3.6362 α=1.00 lr=4.98e-04 wall=80s
[ar_only] step  1200/3000 mode=ar   loss=3.2830 α=1.00 lr=4.47e-04 wall=96s
[ar_only] step  1400/3000 mode=ar   loss=3.2070 α=1.00 lr=3.90e-04 wall=112s
[ar_only] step  1600/3000 mode=ar   loss=3.0708 α=1.00 lr=3.30e-04 wall=127s
[ar_only] step  1800/3000 mode=ar   loss=2.8554 α=1.00 lr=2.70e-04 wall=143s
[ar_only] step  2000/3000 mode=ar   loss=2.8013 α=1.00 lr=2.13e-04 wall=159s
[ar_only] step  2200/3000 mode=ar   loss=2.2734 α=1.00 lr=1.62e-04 wall=175s
[ar_only] step  2400/3000 mode=ar   loss=2.3493 α=1.00 lr=1.19e-04 wall=191s
[ar_only] step  2600/3000 mode=ar   loss=2.2421 α=1.00 lr=8.67e-05 wall=207s
[ar_only] step  2800/3000 mode=ar   loss=2.4442 α=1.00 lr=6.68e-05 wall=223s
[ar_only] done. 239s. wrote /workspace/sfumato/e5/results/e3c_d3_crossover/1500p/ar_only_seed91/model.pt and /workspace/sfumato/e5/results/e3c_d3_crossover/1500p/ar_only_seed91/summary.json
  train wall_s=243.3
  AR-NLL = 2.8474

[1500p ar_only seed=92] training...
[ar_only] model: d=896 L=12 H=16 → 161.7M params
huggingface/tokenizers: The current process just got forked, after parallelism has already been used. Disabling parallelism to avoid deadlocks...
To disable this warning, you can either:
	- Avoid using `tokenizers` before the fork if possible
	- Explicitly set the environment variable TOKENIZERS_PARALLELISM=(true | false)
huggingface/tokenizers: The current process just got forked, after parallelism has already been used. Disabling parallelism to avoid deadlocks...
To disable this warning, you can either:
	- Avoid using `tokenizers` before the fork if possible
	- Explicitly set the environment variable TOKENIZERS_PARALLELISM=(true | false)
[ar_only] step     0/3000 mode=ar   loss=11.0013 α=1.00 lr=0.00e+00 wall=0s
[ar_only] step   200/3000 mode=ar   loss=5.0597 α=1.00 lr=6.00e-04 wall=16s
[ar_only] step   400/3000 mode=ar   loss=4.2572 α=1.00 lr=5.93e-04 wall=32s
[ar_only] step   600/3000 mode=ar   loss=4.6295 α=1.00 lr=5.73e-04 wall=48s
[ar_only] step   800/3000 mode=ar   loss=4.0882 α=1.00 lr=5.41e-04 wall=64s
[ar_only] step  1000/3000 mode=ar   loss=3.7803 α=1.00 lr=4.98e-04 wall=80s
[ar_only] step  1200/3000 mode=ar   loss=3.0982 α=1.00 lr=4.47e-04 wall=96s
[ar_only] step  1400/3000 mode=ar   loss=3.6055 α=1.00 lr=3.90e-04 wall=112s
[ar_only] step  1600/3000 mode=ar   loss=2.7221 α=1.00 lr=3.30e-04 wall=128s
[ar_only] step  1800/3000 mode=ar   loss=3.1052 α=1.00 lr=2.70e-04 wall=144s
[ar_only] step  2000/3000 mode=ar   loss=2.9219 α=1.00 lr=2.13e-04 wall=159s
[ar_only] step  2200/3000 mode=ar   loss=2.6848 α=1.00 lr=1.62e-04 wall=175s
[ar_only] step  2400/3000 mode=ar   loss=2.6493 α=1.00 lr=1.19e-04 wall=191s
[ar_only] step  2600/3000 mode=ar   loss=2.5159 α=1.00 lr=8.67e-05 wall=207s
[ar_only] step  2800/3000 mode=ar   loss=2.2335 α=1.00 lr=6.68e-05 wall=223s
[ar_only] done. 239s. wrote /workspace/sfumato/e5/results/e3c_d3_crossover/1500p/ar_only_seed92/model.pt and /workspace/sfumato/e5/results/e3c_d3_crossover/1500p/ar_only_seed92/summary.json
  train wall_s=244.3
  AR-NLL = 2.9648

========== FINAL AGGREGATE (Δ = composite − ar_only) ==========
  800p: composite=3.530 ar_only=3.695 Δ=-0.165 n=3
  1200p: composite=3.194 ar_only=3.142 Δ=+0.052 n=3
  1500p: composite=3.090 ar_only=2.910 Δ=+0.180 n=3

wrote /workspace/sfumato/e5/results/e3c_d3_crossover/summary.json
E3c done at Thu May 14 21:16:55 UTC 2026
