===== E3a done, starting F1 FineWeb at Thu May 14 19:46:12 UTC 2026 =====
device=cuda tokens_list=[5000000, 10000000, 50000000] seeds=[110, 111, 112]
loading FineWeb (50M tokens, may take a few min on first run)...
Token indices sequence length is longer than the specified maximum sequence length for this model (1539 > 1024). Running this sequence through the model will result in indexing errors
loaded 50,000,000 train tokens
building held-out chunks...
  100 chunks of ~200 tokens each

========== n_tok=5,000,000 ==========

[5M composite seed=110] training...
[composite] model: d=896 L=12 H=16 → 161.7M params
huggingface/tokenizers: The current process just got forked, after parallelism has already been used. Disabling parallelism to avoid deadlocks...
To disable this warning, you can either:
	- Avoid using `tokenizers` before the fork if possible
	- Explicitly set the environment variable TOKENIZERS_PARALLELISM=(true | false)
huggingface/tokenizers: The current process just got forked, after parallelism has already been used. Disabling parallelism to avoid deadlocks...
To disable this warning, you can either:
	- Avoid using `tokenizers` before the fork if possible
	- Explicitly set the environment variable TOKENIZERS_PARALLELISM=(true | false)
[composite] step     0/3000 mode=ar   loss=11.0133 α=1.00 lr=0.00e+00 wall=1s
[composite] step   200/3000 mode=ar   loss=7.3638 α=0.97 lr=6.00e-04 wall=16s
[composite] step   400/3000 mode=ar   loss=7.0733 α=0.93 lr=5.93e-04 wall=32s
[composite] step   600/3000 mode=ar   loss=6.8945 α=0.90 lr=5.73e-04 wall=48s
[composite] step   800/3000 mode=ar   loss=6.9972 α=0.87 lr=5.41e-04 wall=64s
[composite] step  1000/3000 mode=diff loss=7.8301 α=0.83 lr=4.98e-04 wall=80s
[composite] step  1200/3000 mode=ar   loss=6.7297 α=0.80 lr=4.47e-04 wall=96s
[composite] step  1400/3000 mode=diff loss=7.6885 α=0.77 lr=3.90e-04 wall=112s
[composite] step  1600/3000 mode=ar   loss=6.8159 α=0.73 lr=3.30e-04 wall=127s
[composite] step  1800/3000 mode=ar   loss=6.8761 α=0.70 lr=2.70e-04 wall=143s
[composite] step  2000/3000 mode=ar   loss=6.6842 α=0.67 lr=2.13e-04 wall=159s
[composite] step  2200/3000 mode=ar   loss=6.8277 α=0.63 lr=1.62e-04 wall=175s
[composite] step  2400/3000 mode=ar   loss=6.5903 α=0.60 lr=1.19e-04 wall=191s
[composite] step  2600/3000 mode=ar   loss=6.6733 α=0.57 lr=8.67e-05 wall=207s
[composite] step  2800/3000 mode=ar   loss=6.3097 α=0.53 lr=6.68e-05 wall=223s
[composite] done. 238s. wrote /workspace/sfumato/e5/results/f1_fineweb/5M/composite_seed110/model.pt and /workspace/sfumato/e5/results/f1_fineweb/5M/composite_seed110/summary.json
  train wall_s=244.0
  AR-NLL on FineWeb held-out = 6.7014

[5M composite seed=111] training...
[composite] model: d=896 L=12 H=16 → 161.7M params
huggingface/tokenizers: The current process just got forked, after parallelism has already been used. Disabling parallelism to avoid deadlocks...
To disable this warning, you can either:
	- Avoid using `tokenizers` before the fork if possible
	- Explicitly set the environment variable TOKENIZERS_PARALLELISM=(true | false)
huggingface/tokenizers: The current process just got forked, after parallelism has already been used. Disabling parallelism to avoid deadlocks...
To disable this warning, you can either:
	- Avoid using `tokenizers` before the fork if possible
	- Explicitly set the environment variable TOKENIZERS_PARALLELISM=(true | false)
[composite] step     0/3000 mode=ar   loss=11.0054 α=1.00 lr=0.00e+00 wall=0s
[composite] step   200/3000 mode=ar   loss=7.6313 α=0.97 lr=6.00e-04 wall=16s
[composite] step   400/3000 mode=ar   loss=7.3595 α=0.93 lr=5.93e-04 wall=32s
[composite] step   600/3000 mode=ar   loss=7.2437 α=0.90 lr=5.73e-04 wall=48s
[composite] step   800/3000 mode=ar   loss=6.5508 α=0.87 lr=5.41e-04 wall=64s
[composite] step  1000/3000 mode=ar   loss=6.6882 α=0.83 lr=4.98e-04 wall=80s
[composite] step  1200/3000 mode=diff loss=7.3934 α=0.80 lr=4.47e-04 wall=96s
[composite] step  1400/3000 mode=ar   loss=6.7156 α=0.77 lr=3.90e-04 wall=111s
[composite] step  1600/3000 mode=ar   loss=6.8983 α=0.73 lr=3.30e-04 wall=127s
[composite] step  1800/3000 mode=ar   loss=6.7172 α=0.70 lr=2.70e-04 wall=143s
[composite] step  2000/3000 mode=ar   loss=6.6363 α=0.67 lr=2.13e-04 wall=159s
[composite] step  2200/3000 mode=diff loss=7.8589 α=0.63 lr=1.62e-04 wall=175s
[composite] step  2400/3000 mode=diff loss=7.5539 α=0.60 lr=1.19e-04 wall=191s
[composite] step  2600/3000 mode=ar   loss=6.5908 α=0.57 lr=8.67e-05 wall=207s
[composite] step  2800/3000 mode=diff loss=7.6007 α=0.53 lr=6.68e-05 wall=223s
[composite] done. 238s. wrote /workspace/sfumato/e5/results/f1_fineweb/5M/composite_seed111/model.pt and /workspace/sfumato/e5/results/f1_fineweb/5M/composite_seed111/summary.json
  train wall_s=243.1
  AR-NLL on FineWeb held-out = 6.6814

[5M composite seed=112] training...
[composite] model: d=896 L=12 H=16 → 161.7M params
huggingface/tokenizers: The current process just got forked, after parallelism has already been used. Disabling parallelism to avoid deadlocks...
To disable this warning, you can either:
	- Avoid using `tokenizers` before the fork if possible
	- Explicitly set the environment variable TOKENIZERS_PARALLELISM=(true | false)
huggingface/tokenizers: The current process just got forked, after parallelism has already been used. Disabling parallelism to avoid deadlocks...
To disable this warning, you can either:
	- Avoid using `tokenizers` before the fork if possible
	- Explicitly set the environment variable TOKENIZERS_PARALLELISM=(true | false)
[composite] step     0/3000 mode=ar   loss=10.9803 α=1.00 lr=0.00e+00 wall=0s
[composite] step   200/3000 mode=diff loss=8.0176 α=0.97 lr=6.00e-04 wall=16s
[composite] step   400/3000 mode=ar   loss=7.1950 α=0.93 lr=5.93e-04 wall=32s
[composite] step   600/3000 mode=ar   loss=7.3224 α=0.90 lr=5.73e-04 wall=48s
[composite] step   800/3000 mode=ar   loss=6.9684 α=0.87 lr=5.41e-04 wall=64s
[composite] step  1000/3000 mode=ar   loss=6.8782 α=0.83 lr=4.98e-04 wall=80s
[composite] step  1200/3000 mode=diff loss=7.6745 α=0.80 lr=4.47e-04 wall=96s
[composite] step  1400/3000 mode=ar   loss=7.0053 α=0.77 lr=3.90e-04 wall=112s
[composite] step  1600/3000 mode=ar   loss=6.7290 α=0.73 lr=3.30e-04 wall=128s
[composite] step  1800/3000 mode=diff loss=7.6454 α=0.70 lr=2.70e-04 wall=143s
[composite] step  2000/3000 mode=ar   loss=6.6458 α=0.67 lr=2.13e-04 wall=159s
[composite] step  2200/3000 mode=diff loss=7.7471 α=0.63 lr=1.62e-04 wall=175s
[composite] step  2400/3000 mode=diff loss=7.7529 α=0.60 lr=1.19e-04 wall=191s
[composite] step  2600/3000 mode=diff loss=7.9396 α=0.57 lr=8.67e-05 wall=207s
[composite] step  2800/3000 mode=diff loss=7.6596 α=0.53 lr=6.68e-05 wall=223s
[composite] done. 239s. wrote /workspace/sfumato/e5/results/f1_fineweb/5M/composite_seed112/model.pt and /workspace/sfumato/e5/results/f1_fineweb/5M/composite_seed112/summary.json
  train wall_s=244.0
  AR-NLL on FineWeb held-out = 6.6941

[5M ar_only seed=110] training...
[ar_only] model: d=896 L=12 H=16 → 161.7M params
huggingface/tokenizers: The current process just got forked, after parallelism has already been used. Disabling parallelism to avoid deadlocks...
To disable this warning, you can either:
	- Avoid using `tokenizers` before the fork if possible
	- Explicitly set the environment variable TOKENIZERS_PARALLELISM=(true | false)
huggingface/tokenizers: The current process just got forked, after parallelism has already been used. Disabling parallelism to avoid deadlocks...
To disable this warning, you can either:
	- Avoid using `tokenizers` before the fork if possible
	- Explicitly set the environment variable TOKENIZERS_PARALLELISM=(true | false)
[ar_only] step     0/3000 mode=ar   loss=11.0133 α=1.00 lr=0.00e+00 wall=0s
[ar_only] step   200/3000 mode=ar   loss=7.2864 α=1.00 lr=6.00e-04 wall=16s
[ar_only] step   400/3000 mode=ar   loss=7.0572 α=1.00 lr=5.93e-04 wall=32s
[ar_only] step   600/3000 mode=ar   loss=6.8984 α=1.00 lr=5.73e-04 wall=48s
[ar_only] step   800/3000 mode=ar   loss=6.9444 α=1.00 lr=5.41e-04 wall=64s
[ar_only] step  1000/3000 mode=ar   loss=6.9582 α=1.00 lr=4.98e-04 wall=80s
[ar_only] step  1200/3000 mode=ar   loss=6.6755 α=1.00 lr=4.47e-04 wall=96s
[ar_only] step  1400/3000 mode=ar   loss=6.6879 α=1.00 lr=3.90e-04 wall=112s
[ar_only] step  1600/3000 mode=ar   loss=6.7297 α=1.00 lr=3.30e-04 wall=128s
[ar_only] step  1800/3000 mode=ar   loss=6.8394 α=1.00 lr=2.70e-04 wall=144s
[ar_only] step  2000/3000 mode=ar   loss=6.6364 α=1.00 lr=2.13e-04 wall=160s
[ar_only] step  2200/3000 mode=ar   loss=6.7384 α=1.00 lr=1.62e-04 wall=176s
[ar_only] step  2400/3000 mode=ar   loss=6.5123 α=1.00 lr=1.19e-04 wall=192s
[ar_only] step  2600/3000 mode=ar   loss=6.6198 α=1.00 lr=8.67e-05 wall=208s
[ar_only] step  2800/3000 mode=ar   loss=6.2646 α=1.00 lr=6.68e-05 wall=224s
[ar_only] done. 239s. wrote /workspace/sfumato/e5/results/f1_fineweb/5M/ar_only_seed110/model.pt and /workspace/sfumato/e5/results/f1_fineweb/5M/ar_only_seed110/summary.json
  train wall_s=244.8
  AR-NLL on FineWeb held-out = 6.6421

[5M ar_only seed=111] training...
[ar_only] model: d=896 L=12 H=16 → 161.7M params
huggingface/tokenizers: The current process just got forked, after parallelism has already been used. Disabling parallelism to avoid deadlocks...
To disable this warning, you can either:
	- Avoid using `tokenizers` before the fork if possible
	- Explicitly set the environment variable TOKENIZERS_PARALLELISM=(true | false)
huggingface/tokenizers: The current process just got forked, after parallelism has already been used. Disabling parallelism to avoid deadlocks...
To disable this warning, you can either:
	- Avoid using `tokenizers` before the fork if possible
	- Explicitly set the environment variable TOKENIZERS_PARALLELISM=(true | false)
[ar_only] step     0/3000 mode=ar   loss=11.0054 α=1.00 lr=0.00e+00 wall=0s
[ar_only] step   200/3000 mode=ar   loss=7.7127 α=1.00 lr=6.00e-04 wall=16s
[ar_only] step   400/3000 mode=ar   loss=7.3617 α=1.00 lr=5.93e-04 wall=32s
[ar_only] step   600/3000 mode=ar   loss=7.2636 α=1.00 lr=5.73e-04 wall=48s
[ar_only] step   800/3000 mode=ar   loss=6.5340 α=1.00 lr=5.41e-04 wall=64s
[ar_only] step  1000/3000 mode=ar   loss=6.6716 α=1.00 lr=4.98e-04 wall=80s
[ar_only] step  1200/3000 mode=ar   loss=6.5806 α=1.00 lr=4.47e-04 wall=96s
[ar_only] step  1400/3000 mode=ar   loss=6.6912 α=1.00 lr=3.90e-04 wall=112s
[ar_only] step  1600/3000 mode=ar   loss=6.8729 α=1.00 lr=3.30e-04 wall=128s
[ar_only] step  1800/3000 mode=ar   loss=6.6763 α=1.00 lr=2.70e-04 wall=144s
[ar_only] step  2000/3000 mode=ar   loss=6.6185 α=1.00 lr=2.13e-04 wall=160s
[ar_only] step  2200/3000 mode=ar   loss=6.8271 α=1.00 lr=1.62e-04 wall=176s
[ar_only] step  2400/3000 mode=ar   loss=6.4255 α=1.00 lr=1.19e-04 wall=192s
[ar_only] step  2600/3000 mode=ar   loss=6.5272 α=1.00 lr=8.67e-05 wall=208s
[ar_only] step  2800/3000 mode=ar   loss=6.5358 α=1.00 lr=6.68e-05 wall=223s
[ar_only] done. 239s. wrote /workspace/sfumato/e5/results/f1_fineweb/5M/ar_only_seed111/model.pt and /workspace/sfumato/e5/results/f1_fineweb/5M/ar_only_seed111/summary.json
  train wall_s=243.6
  AR-NLL on FineWeb held-out = 6.6344

[5M ar_only seed=112] training...
[ar_only] model: d=896 L=12 H=16 → 161.7M params
huggingface/tokenizers: The current process just got forked, after parallelism has already been used. Disabling parallelism to avoid deadlocks...
To disable this warning, you can either:
	- Avoid using `tokenizers` before the fork if possible
	- Explicitly set the environment variable TOKENIZERS_PARALLELISM=(true | false)
huggingface/tokenizers: The current process just got forked, after parallelism has already been used. Disabling parallelism to avoid deadlocks...
To disable this warning, you can either:
	- Avoid using `tokenizers` before the fork if possible
	- Explicitly set the environment variable TOKENIZERS_PARALLELISM=(true | false)
[ar_only] step     0/3000 mode=ar   loss=10.9803 α=1.00 lr=0.00e+00 wall=0s
[ar_only] step   200/3000 mode=ar   loss=7.0873 α=1.00 lr=6.00e-04 wall=16s
[ar_only] step   400/3000 mode=ar   loss=7.2011 α=1.00 lr=5.93e-04 wall=32s
[ar_only] step   600/3000 mode=ar   loss=7.2873 α=1.00 lr=5.73e-04 wall=48s
[ar_only] step   800/3000 mode=ar   loss=6.9463 α=1.00 lr=5.41e-04 wall=64s
[ar_only] step  1000/3000 mode=ar   loss=6.8466 α=1.00 lr=4.98e-04 wall=80s
[ar_only] step  1200/3000 mode=ar   loss=6.6013 α=1.00 lr=4.47e-04 wall=96s
[ar_only] step  1400/3000 mode=ar   loss=6.9755 α=1.00 lr=3.90e-04 wall=112s
[ar_only] step  1600/3000 mode=ar   loss=6.7112 α=1.00 lr=3.30e-04 wall=128s
[ar_only] step  1800/3000 mode=ar   loss=6.5481 α=1.00 lr=2.70e-04 wall=144s
[ar_only] step  2000/3000 mode=ar   loss=6.6230 α=1.00 lr=2.13e-04 wall=160s
[ar_only] step  2200/3000 mode=ar   loss=6.5649 α=1.00 lr=1.62e-04 wall=176s
[ar_only] step  2400/3000 mode=ar   loss=6.4843 α=1.00 lr=1.19e-04 wall=192s
[ar_only] step  2600/3000 mode=ar   loss=6.8115 α=1.00 lr=8.67e-05 wall=208s
[ar_only] step  2800/3000 mode=ar   loss=6.4380 α=1.00 lr=6.68e-05 wall=224s
[ar_only] done. 239s. wrote /workspace/sfumato/e5/results/f1_fineweb/5M/ar_only_seed112/model.pt and /workspace/sfumato/e5/results/f1_fineweb/5M/ar_only_seed112/summary.json
  train wall_s=243.7
  AR-NLL on FineWeb held-out = 6.6498

========== n_tok=10,000,000 ==========

[10M composite seed=110] training...
[composite] model: d=896 L=12 H=16 → 161.7M params
huggingface/tokenizers: The current process just got forked, after parallelism has already been used. Disabling parallelism to avoid deadlocks...
To disable this warning, you can either:
	- Avoid using `tokenizers` before the fork if possible
	- Explicitly set the environment variable TOKENIZERS_PARALLELISM=(true | false)
huggingface/tokenizers: The current process just got forked, after parallelism has already been used. Disabling parallelism to avoid deadlocks...
To disable this warning, you can either:
	- Avoid using `tokenizers` before the fork if possible
	- Explicitly set the environment variable TOKENIZERS_PARALLELISM=(true | false)
[composite] step     0/3000 mode=ar   loss=11.0304 α=1.00 lr=0.00e+00 wall=1s
[composite] step   200/3000 mode=ar   loss=7.2028 α=0.97 lr=6.00e-04 wall=16s
[composite] step   400/3000 mode=ar   loss=7.5175 α=0.93 lr=5.93e-04 wall=32s
[composite] step   600/3000 mode=ar   loss=7.0300 α=0.90 lr=5.73e-04 wall=48s
[composite] step   800/3000 mode=ar   loss=7.0398 α=0.87 lr=5.41e-04 wall=64s
[composite] step  1000/3000 mode=diff loss=7.8981 α=0.83 lr=4.98e-04 wall=80s
[composite] step  1200/3000 mode=ar   loss=6.7469 α=0.80 lr=4.47e-04 wall=96s
[composite] step  1400/3000 mode=diff loss=7.3385 α=0.77 lr=3.90e-04 wall=112s
[composite] step  1600/3000 mode=ar   loss=6.7655 α=0.73 lr=3.30e-04 wall=128s
[composite] step  1800/3000 mode=ar   loss=6.7253 α=0.70 lr=2.70e-04 wall=144s
[composite] step  2000/3000 mode=ar   loss=6.5582 α=0.67 lr=2.13e-04 wall=160s
[composite] step  2200/3000 mode=ar   loss=7.0736 α=0.63 lr=1.62e-04 wall=176s
[composite] step  2400/3000 mode=ar   loss=6.6392 α=0.60 lr=1.19e-04 wall=192s
[composite] step  2600/3000 mode=ar   loss=6.4830 α=0.57 lr=8.67e-05 wall=208s
[composite] step  2800/3000 mode=ar   loss=6.5917 α=0.53 lr=6.68e-05 wall=224s
[composite] done. 240s. wrote /workspace/sfumato/e5/results/f1_fineweb/10M/composite_seed110/model.pt and /workspace/sfumato/e5/results/f1_fineweb/10M/composite_seed110/summary.json
  train wall_s=244.8
  AR-NLL on FineWeb held-out = 6.7109

[10M composite seed=111] training...
[composite] model: d=896 L=12 H=16 → 161.7M params
huggingface/tokenizers: The current process just got forked, after parallelism has already been used. Disabling parallelism to avoid deadlocks...
To disable this warning, you can either:
	- Avoid using `tokenizers` before the fork if possible
	- Explicitly set the environment variable TOKENIZERS_PARALLELISM=(true | false)
huggingface/tokenizers: The current process just got forked, after parallelism has already been used. Disabling parallelism to avoid deadlocks...
To disable this warning, you can either:
	- Avoid using `tokenizers` before the fork if possible
	- Explicitly set the environment variable TOKENIZERS_PARALLELISM=(true | false)
[composite] step     0/3000 mode=ar   loss=11.0182 α=1.00 lr=0.00e+00 wall=0s
[composite] step   200/3000 mode=ar   loss=7.3169 α=0.97 lr=6.00e-04 wall=16s
[composite] step   400/3000 mode=ar   loss=7.2185 α=0.93 lr=5.93e-04 wall=32s
[composite] step   600/3000 mode=ar   loss=6.9491 α=0.90 lr=5.73e-04 wall=48s
[composite] step   800/3000 mode=ar   loss=7.0267 α=0.87 lr=5.41e-04 wall=64s
[composite] step  1000/3000 mode=ar   loss=7.1706 α=0.83 lr=4.98e-04 wall=80s
[composite] step  1200/3000 mode=diff loss=7.9797 α=0.80 lr=4.47e-04 wall=96s
[composite] step  1400/3000 mode=ar   loss=6.6504 α=0.77 lr=3.90e-04 wall=111s
[composite] step  1600/3000 mode=ar   loss=6.6802 α=0.73 lr=3.30e-04 wall=127s
[composite] step  1800/3000 mode=ar   loss=6.7006 α=0.70 lr=2.70e-04 wall=143s
[composite] step  2000/3000 mode=ar   loss=6.6264 α=0.67 lr=2.13e-04 wall=159s
[composite] step  2200/3000 mode=diff loss=7.5801 α=0.63 lr=1.62e-04 wall=175s
[composite] step  2400/3000 mode=diff loss=7.6440 α=0.60 lr=1.19e-04 wall=191s
[composite] step  2600/3000 mode=ar   loss=6.5351 α=0.57 lr=8.67e-05 wall=207s
[composite] step  2800/3000 mode=diff loss=7.4472 α=0.53 lr=6.68e-05 wall=223s
[composite] done. 239s. wrote /workspace/sfumato/e5/results/f1_fineweb/10M/composite_seed111/model.pt and /workspace/sfumato/e5/results/f1_fineweb/10M/composite_seed111/summary.json
  train wall_s=243.5
  AR-NLL on FineWeb held-out = 6.6905

[10M composite seed=112] training...
[composite] model: d=896 L=12 H=16 → 161.7M params
huggingface/tokenizers: The current process just got forked, after parallelism has already been used. Disabling parallelism to avoid deadlocks...
To disable this warning, you can either:
	- Avoid using `tokenizers` before the fork if possible
	- Explicitly set the environment variable TOKENIZERS_PARALLELISM=(true | false)
huggingface/tokenizers: The current process just got forked, after parallelism has already been used. Disabling parallelism to avoid deadlocks...
To disable this warning, you can either:
	- Avoid using `tokenizers` before the fork if possible
	- Explicitly set the environment variable TOKENIZERS_PARALLELISM=(true | false)
[composite] step     0/3000 mode=ar   loss=10.9920 α=1.00 lr=0.00e+00 wall=0s
[composite] step   200/3000 mode=diff loss=8.1335 α=0.97 lr=6.00e-04 wall=16s
[composite] step   400/3000 mode=ar   loss=7.2523 α=0.93 lr=5.93e-04 wall=32s
[composite] step   600/3000 mode=ar   loss=7.2283 α=0.90 lr=5.73e-04 wall=48s
[composite] step   800/3000 mode=ar   loss=6.9585 α=0.87 lr=5.41e-04 wall=64s
[composite] step  1000/3000 mode=ar   loss=6.9831 α=0.83 lr=4.98e-04 wall=80s
[composite] step  1200/3000 mode=diff loss=7.8012 α=0.80 lr=4.47e-04 wall=96s
[composite] step  1400/3000 mode=ar   loss=6.7753 α=0.77 lr=3.90e-04 wall=112s
[composite] step  1600/3000 mode=ar   loss=6.5698 α=0.73 lr=3.30e-04 wall=128s
[composite] step  1800/3000 mode=diff loss=7.6429 α=0.70 lr=2.70e-04 wall=144s
[composite] step  2000/3000 mode=ar   loss=6.7892 α=0.67 lr=2.13e-04 wall=160s
[composite] step  2200/3000 mode=diff loss=7.6953 α=0.63 lr=1.62e-04 wall=176s
[composite] step  2400/3000 mode=diff loss=7.6929 α=0.60 lr=1.19e-04 wall=192s
[composite] step  2600/3000 mode=diff loss=7.4826 α=0.57 lr=8.67e-05 wall=207s
[composite] step  2800/3000 mode=diff loss=7.8183 α=0.53 lr=6.68e-05 wall=223s
[composite] done. 239s. wrote /workspace/sfumato/e5/results/f1_fineweb/10M/composite_seed112/model.pt and /workspace/sfumato/e5/results/f1_fineweb/10M/composite_seed112/summary.json
  train wall_s=244.1
  AR-NLL on FineWeb held-out = 6.6866

[10M ar_only seed=110] training...
[ar_only] model: d=896 L=12 H=16 → 161.7M params
huggingface/tokenizers: The current process just got forked, after parallelism has already been used. Disabling parallelism to avoid deadlocks...
To disable this warning, you can either:
	- Avoid using `tokenizers` before the fork if possible
	- Explicitly set the environment variable TOKENIZERS_PARALLELISM=(true | false)
huggingface/tokenizers: The current process just got forked, after parallelism has already been used. Disabling parallelism to avoid deadlocks...
To disable this warning, you can either:
	- Avoid using `tokenizers` before the fork if possible
	- Explicitly set the environment variable TOKENIZERS_PARALLELISM=(true | false)
[ar_only] step     0/3000 mode=ar   loss=11.0304 α=1.00 lr=0.00e+00 wall=0s
[ar_only] step   200/3000 mode=ar   loss=7.1949 α=1.00 lr=6.00e-04 wall=16s
[ar_only] step   400/3000 mode=ar   loss=7.4999 α=1.00 lr=5.93e-04 wall=32s
[ar_only] step   600/3000 mode=ar   loss=7.0021 α=1.00 lr=5.73e-04 wall=48s
[ar_only] step   800/3000 mode=ar   loss=7.0181 α=1.00 lr=5.41e-04 wall=64s
[ar_only] step  1000/3000 mode=ar   loss=6.9793 α=1.00 lr=4.98e-04 wall=80s
[ar_only] step  1200/3000 mode=ar   loss=6.7134 α=1.00 lr=4.47e-04 wall=96s
[ar_only] step  1400/3000 mode=ar   loss=6.3082 α=1.00 lr=3.90e-04 wall=112s
[ar_only] step  1600/3000 mode=ar   loss=6.6740 α=1.00 lr=3.30e-04 wall=128s
[ar_only] step  1800/3000 mode=ar   loss=6.6708 α=1.00 lr=2.70e-04 wall=144s
[ar_only] step  2000/3000 mode=ar   loss=6.4980 α=1.00 lr=2.13e-04 wall=160s
[ar_only] step  2200/3000 mode=ar   loss=7.0362 α=1.00 lr=1.62e-04 wall=176s
[ar_only] step  2400/3000 mode=ar   loss=6.5611 α=1.00 lr=1.19e-04 wall=192s
[ar_only] step  2600/3000 mode=ar   loss=6.4340 α=1.00 lr=8.67e-05 wall=208s
[ar_only] step  2800/3000 mode=ar   loss=6.5469 α=1.00 lr=6.68e-05 wall=224s
[ar_only] done. 240s. wrote /workspace/sfumato/e5/results/f1_fineweb/10M/ar_only_seed110/model.pt and /workspace/sfumato/e5/results/f1_fineweb/10M/ar_only_seed110/summary.json
  train wall_s=245.2
  AR-NLL on FineWeb held-out = 6.6515

[10M ar_only seed=111] training...
[ar_only] model: d=896 L=12 H=16 → 161.7M params
huggingface/tokenizers: The current process just got forked, after parallelism has already been used. Disabling parallelism to avoid deadlocks...
To disable this warning, you can either:
	- Avoid using `tokenizers` before the fork if possible
	- Explicitly set the environment variable TOKENIZERS_PARALLELISM=(true | false)
huggingface/tokenizers: The current process just got forked, after parallelism has already been used. Disabling parallelism to avoid deadlocks...
To disable this warning, you can either:
	- Avoid using `tokenizers` before the fork if possible
	- Explicitly set the environment variable TOKENIZERS_PARALLELISM=(true | false)
[ar_only] step     0/3000 mode=ar   loss=11.0182 α=1.00 lr=0.00e+00 wall=0s
[ar_only] step   200/3000 mode=ar   loss=7.2687 α=1.00 lr=6.00e-04 wall=16s
[ar_only] step   400/3000 mode=ar   loss=7.2199 α=1.00 lr=5.93e-04 wall=32s
[ar_only] step   600/3000 mode=ar   loss=6.8977 α=1.00 lr=5.73e-04 wall=48s
[ar_only] step   800/3000 mode=ar   loss=7.0322 α=1.00 lr=5.41e-04 wall=64s
[ar_only] step  1000/3000 mode=ar   loss=7.1386 α=1.00 lr=4.98e-04 wall=80s
[ar_only] step  1200/3000 mode=ar   loss=7.0677 α=1.00 lr=4.47e-04 wall=95s
[ar_only] step  1400/3000 mode=ar   loss=6.6080 α=1.00 lr=3.90e-04 wall=111s
[ar_only] step  1600/3000 mode=ar   loss=6.6461 α=1.00 lr=3.30e-04 wall=127s
[ar_only] step  1800/3000 mode=ar   loss=6.6408 α=1.00 lr=2.70e-04 wall=144s
[ar_only] step  2000/3000 mode=ar   loss=6.5826 α=1.00 lr=2.13e-04 wall=159s
[ar_only] step  2200/3000 mode=ar   loss=6.5290 α=1.00 lr=1.62e-04 wall=175s
[ar_only] step  2400/3000 mode=ar   loss=6.5025 α=1.00 lr=1.19e-04 wall=191s
[ar_only] step  2600/3000 mode=ar   loss=6.4781 α=1.00 lr=8.67e-05 wall=207s
[ar_only] step  2800/3000 mode=ar   loss=6.3948 α=1.00 lr=6.68e-05 wall=223s
[ar_only] done. 239s. wrote /workspace/sfumato/e5/results/f1_fineweb/10M/ar_only_seed111/model.pt and /workspace/sfumato/e5/results/f1_fineweb/10M/ar_only_seed111/summary.json
  train wall_s=244.2
  AR-NLL on FineWeb held-out = 6.6315

[10M ar_only seed=112] training...
[ar_only] model: d=896 L=12 H=16 → 161.7M params
huggingface/tokenizers: The current process just got forked, after parallelism has already been used. Disabling parallelism to avoid deadlocks...
To disable this warning, you can either:
	- Avoid using `tokenizers` before the fork if possible
	- Explicitly set the environment variable TOKENIZERS_PARALLELISM=(true | false)
huggingface/tokenizers: The current process just got forked, after parallelism has already been used. Disabling parallelism to avoid deadlocks...
To disable this warning, you can either:
	- Avoid using `tokenizers` before the fork if possible
	- Explicitly set the environment variable TOKENIZERS_PARALLELISM=(true | false)
[ar_only] step     0/3000 mode=ar   loss=10.9920 α=1.00 lr=0.00e+00 wall=0s
[ar_only] step   200/3000 mode=ar   loss=7.3473 α=1.00 lr=6.00e-04 wall=16s
[ar_only] step   400/3000 mode=ar   loss=7.2257 α=1.00 lr=5.93e-04 wall=32s
[ar_only] step   600/3000 mode=ar   loss=7.2018 α=1.00 lr=5.73e-04 wall=48s
[ar_only] step   800/3000 mode=ar   loss=6.9769 α=1.00 lr=5.41e-04 wall=64s
[ar_only] step  1000/3000 mode=ar   loss=6.9764 α=1.00 lr=4.98e-04 wall=80s
[ar_only] step  1200/3000 mode=ar   loss=6.9447 α=1.00 lr=4.47e-04 wall=95s
[ar_only] step  1400/3000 mode=ar   loss=6.7436 α=1.00 lr=3.90e-04 wall=111s
[ar_only] step  1600/3000 mode=ar   loss=6.4997 α=1.00 lr=3.30e-04 wall=127s
[ar_only] step  1800/3000 mode=ar   loss=6.5505 α=1.00 lr=2.70e-04 wall=143s
[ar_only] step  2000/3000 mode=ar   loss=6.7499 α=1.00 lr=2.13e-04 wall=159s
[ar_only] step  2200/3000 mode=ar   loss=6.5290 α=1.00 lr=1.62e-04 wall=175s
[ar_only] step  2400/3000 mode=ar   loss=6.5180 α=1.00 lr=1.19e-04 wall=191s
[ar_only] step  2600/3000 mode=ar   loss=6.3735 α=1.00 lr=8.67e-05 wall=207s
[ar_only] step  2800/3000 mode=ar   loss=6.7411 α=1.00 lr=6.68e-05 wall=223s
[ar_only] done. 238s. wrote /workspace/sfumato/e5/results/f1_fineweb/10M/ar_only_seed112/model.pt and /workspace/sfumato/e5/results/f1_fineweb/10M/ar_only_seed112/summary.json
  train wall_s=243.2
  AR-NLL on FineWeb held-out = 6.6474
skip n_tok=50000000 (exceeds available)

========== FINAL AGGREGATE ==========
  5M tok: composite=6.692 ar_only=6.642 Δ=+0.050 n=3
  10M tok: composite=6.696 ar_only=6.643 Δ=+0.053 n=3

wrote /workspace/sfumato/e5/results/f1_fineweb/summary.json
===== F1 DONE, starting F2 alpha sweep at Thu May 14 20:38:43 UTC 2026 =====
device=cuda alphas=[30, 50, 70] seeds=[120, 121, 122]
loaded 1,166,609 train tokens, 100 probe problems

[composite_fixed_30 seed=120] training...
[composite_fixed_30] model: d=896 L=12 H=16 → 161.7M params
huggingface/tokenizers: The current process just got forked, after parallelism has already been used. Disabling parallelism to avoid deadlocks...
To disable this warning, you can either:
	- Avoid using `tokenizers` before the fork if possible
	- Explicitly set the environment variable TOKENIZERS_PARALLELISM=(true | false)
huggingface/tokenizers: The current process just got forked, after parallelism has already been used. Disabling parallelism to avoid deadlocks...
To disable this warning, you can either:
	- Avoid using `tokenizers` before the fork if possible
	- Explicitly set the environment variable TOKENIZERS_PARALLELISM=(true | false)
[composite_fixed_30] step     0/3000 mode=diff loss=10.8258 α=0.30 lr=0.00e+00 wall=1s
[composite_fixed_30] step   200/3000 mode=diff loss=6.4441 α=0.30 lr=6.00e-04 wall=16s
[composite_fixed_30] step   400/3000 mode=diff loss=6.5892 α=0.30 lr=5.93e-04 wall=32s
[composite_fixed_30] step   600/3000 mode=diff loss=6.5665 α=0.30 lr=5.73e-04 wall=48s
[composite_fixed_30] step   800/3000 mode=diff loss=6.5375 α=0.30 lr=5.41e-04 wall=64s
[composite_fixed_30] step  1000/3000 mode=ar   loss=4.7476 α=0.30 lr=4.98e-04 wall=80s
[composite_fixed_30] step  1200/3000 mode=ar   loss=4.6438 α=0.30 lr=4.47e-04 wall=96s
[composite_fixed_30] step  1400/3000 mode=diff loss=6.4790 α=0.30 lr=3.90e-04 wall=112s
[composite_fixed_30] step  1600/3000 mode=diff loss=6.4359 α=0.30 lr=3.30e-04 wall=127s
[composite_fixed_30] step  1800/3000 mode=diff loss=6.4357 α=0.30 lr=2.70e-04 wall=143s
[composite_fixed_30] step  2000/3000 mode=diff loss=6.4298 α=0.30 lr=2.13e-04 wall=159s
[composite_fixed_30] step  2200/3000 mode=ar   loss=4.5126 α=0.30 lr=1.62e-04 wall=175s
[composite_fixed_30] step  2400/3000 mode=diff loss=6.4386 α=0.30 lr=1.19e-04 wall=191s
[composite_fixed_30] step  2600/3000 mode=ar   loss=4.4220 α=0.30 lr=8.67e-05 wall=207s
[composite_fixed_30] step  2800/3000 mode=diff loss=6.3051 α=0.30 lr=6.68e-05 wall=223s
[composite_fixed_30] done. 238s. wrote /workspace/sfumato/e5/results/f2_alpha_sweep/composite_fixed_30/seed120/model.pt and /workspace/sfumato/e5/results/f2_alpha_sweep/composite_fixed_30/seed120/summary.json
  train wall_s=244.4
  alpha=0.30: AR-NLL=4.095 diff-NLL=6.0467

[composite_fixed_30 seed=121] training...
[composite_fixed_30] model: d=896 L=12 H=16 → 161.7M params
huggingface/tokenizers: The current process just got forked, after parallelism has already been used. Disabling parallelism to avoid deadlocks...
To disable this warning, you can either:
	- Avoid using `tokenizers` before the fork if possible
	- Explicitly set the environment variable TOKENIZERS_PARALLELISM=(true | false)
huggingface/tokenizers: The current process just got forked, after parallelism has already been used. Disabling parallelism to avoid deadlocks...
To disable this warning, you can either:
	- Avoid using `tokenizers` before the fork if possible
	- Explicitly set the environment variable TOKENIZERS_PARALLELISM=(true | false)
[composite_fixed_30] step     0/3000 mode=diff loss=10.8258 α=0.30 lr=0.00e+00 wall=0s
[composite_fixed_30] step   200/3000 mode=diff loss=6.4456 α=0.30 lr=6.00e-04 wall=16s
[composite_fixed_30] step   400/3000 mode=diff loss=6.4200 α=0.30 lr=5.93e-04 wall=32s
[composite_fixed_30] step   600/3000 mode=diff loss=6.4442 α=0.30 lr=5.73e-04 wall=48s
[composite_fixed_30] step   800/3000 mode=diff loss=6.7372 α=0.30 lr=5.41e-04 wall=64s
[composite_fixed_30] step  1000/3000 mode=diff loss=6.5219 α=0.30 lr=4.98e-04 wall=79s
[composite_fixed_30] step  1200/3000 mode=diff loss=6.2983 α=0.30 lr=4.47e-04 wall=95s
[composite_fixed_30] step  1400/3000 mode=diff loss=6.3718 α=0.30 lr=3.90e-04 wall=111s
[composite_fixed_30] step  1600/3000 mode=diff loss=6.5265 α=0.30 lr=3.30e-04 wall=127s
[composite_fixed_30] step  1800/3000 mode=diff loss=6.5855 α=0.30 lr=2.70e-04 wall=143s
[composite_fixed_30] step  2000/3000 mode=diff loss=6.3915 α=0.30 lr=2.13e-04 wall=159s
[composite_fixed_30] step  2200/3000 mode=ar   loss=4.5749 α=0.30 lr=1.62e-04 wall=175s
[composite_fixed_30] step  2400/3000 mode=diff loss=6.2501 α=0.30 lr=1.19e-04 wall=191s
[composite_fixed_30] step  2600/3000 mode=diff loss=6.5333 α=0.30 lr=8.67e-05 wall=207s
[composite_fixed_30] step  2800/3000 mode=diff loss=6.4907 α=0.30 lr=6.68e-05 wall=223s
[composite_fixed_30] done. 238s. wrote /workspace/sfumato/e5/results/f2_alpha_sweep/composite_fixed_30/seed121/model.pt and /workspace/sfumato/e5/results/f2_alpha_sweep/composite_fixed_30/seed121/summary.json
  train wall_s=243.1
  alpha=0.30: AR-NLL=4.1234 diff-NLL=5.995

[composite_fixed_30 seed=122] training...
[composite_fixed_30] model: d=896 L=12 H=16 → 161.7M params
huggingface/tokenizers: The current process just got forked, after parallelism has already been used. Disabling parallelism to avoid deadlocks...
To disable this warning, you can either:
	- Avoid using `tokenizers` before the fork if possible
	- Explicitly set the environment variable TOKENIZERS_PARALLELISM=(true | false)
huggingface/tokenizers: The current process just got forked, after parallelism has already been used. Disabling parallelism to avoid deadlocks...
To disable this warning, you can either:
	- Avoid using `tokenizers` before the fork if possible
	- Explicitly set the environment variable TOKENIZERS_PARALLELISM=(true | false)
[composite_fixed_30] step     0/3000 mode=ar   loss=11.0105 α=0.30 lr=0.00e+00 wall=0s
[composite_fixed_30] step   200/3000 mode=diff loss=6.6293 α=0.30 lr=6.00e-04 wall=16s
[composite_fixed_30] step   400/3000 mode=diff loss=6.5746 α=0.30 lr=5.93e-04 wall=32s
[composite_fixed_30] step   600/3000 mode=ar   loss=5.3898 α=0.30 lr=5.73e-04 wall=48s
[composite_fixed_30] step   800/3000 mode=ar   loss=5.3208 α=0.30 lr=5.41e-04 wall=64s
[composite_fixed_30] step  1000/3000 mode=diff loss=6.2140 α=0.30 lr=4.98e-04 wall=79s
[composite_fixed_30] step  1200/3000 mode=ar   loss=4.9137 α=0.30 lr=4.47e-04 wall=95s
[composite_fixed_30] step  1400/3000 mode=ar   loss=4.8475 α=0.30 lr=3.90e-04 wall=111s
[composite_fixed_30] step  1600/3000 mode=ar   loss=4.6575 α=0.30 lr=3.30e-04 wall=127s
[composite_fixed_30] step  1800/3000 mode=diff loss=6.1720 α=0.30 lr=2.70e-04 wall=143s
[composite_fixed_30] step  2000/3000 mode=ar   loss=4.6968 α=0.30 lr=2.13e-04 wall=159s
[composite_fixed_30] step  2200/3000 mode=ar   loss=4.3803 α=0.30 lr=1.62e-04 wall=175s
[composite_fixed_30] step  2400/3000 mode=ar   loss=4.3882 α=0.30 lr=1.19e-04 wall=191s
[composite_fixed_30] step  2600/3000 mode=diff loss=6.3988 α=0.30 lr=8.67e-05 wall=206s
[composite_fixed_30] step  2800/3000 mode=diff loss=6.3616 α=0.30 lr=6.68e-05 wall=222s
[composite_fixed_30] done. 238s. wrote /workspace/sfumato/e5/results/f2_alpha_sweep/composite_fixed_30/seed122/model.pt and /workspace/sfumato/e5/results/f2_alpha_sweep/composite_fixed_30/seed122/summary.json
  train wall_s=242.8
  alpha=0.30: AR-NLL=4.0794 diff-NLL=6.0635

[composite_fixed_50 seed=120] training...
[composite_fixed_50] model: d=896 L=12 H=16 → 161.7M params
huggingface/tokenizers: The current process just got forked, after parallelism has already been used. Disabling parallelism to avoid deadlocks...
To disable this warning, you can either:
	- Avoid using `tokenizers` before the fork if possible
	- Explicitly set the environment variable TOKENIZERS_PARALLELISM=(true | false)
huggingface/tokenizers: The current process just got forked, after parallelism has already been used. Disabling parallelism to avoid deadlocks...
To disable this warning, you can either:
	- Avoid using `tokenizers` before the fork if possible
	- Explicitly set the environment variable TOKENIZERS_PARALLELISM=(true | false)
[composite_fixed_50] step     0/3000 mode=diff loss=10.8258 α=0.50 lr=0.00e+00 wall=0s
[composite_fixed_50] step   200/3000 mode=diff loss=6.5793 α=0.50 lr=6.00e-04 wall=16s
[composite_fixed_50] step   400/3000 mode=diff loss=6.5753 α=0.50 lr=5.93e-04 wall=32s
[composite_fixed_50] step   600/3000 mode=diff loss=6.5650 α=0.50 lr=5.73e-04 wall=48s
[composite_fixed_50] step   800/3000 mode=ar   loss=4.7649 α=0.50 lr=5.41e-04 wall=64s
[composite_fixed_50] step  1000/3000 mode=ar   loss=4.4221 α=0.50 lr=4.98e-04 wall=80s
[composite_fixed_50] step  1200/3000 mode=ar   loss=4.3277 α=0.50 lr=4.47e-04 wall=96s
[composite_fixed_50] step  1400/3000 mode=diff loss=6.2820 α=0.50 lr=3.90e-04 wall=112s
[composite_fixed_50] step  1600/3000 mode=ar   loss=4.5317 α=0.50 lr=3.30e-04 wall=127s
[composite_fixed_50] step  1800/3000 mode=diff loss=6.4426 α=0.50 lr=2.70e-04 wall=143s
[composite_fixed_50] step  2000/3000 mode=ar   loss=4.2145 α=0.50 lr=2.13e-04 wall=159s
[composite_fixed_50] step  2200/3000 mode=ar   loss=4.1392 α=0.50 lr=1.62e-04 wall=175s
[composite_fixed_50] step  2400/3000 mode=diff loss=6.4768 α=0.50 lr=1.19e-04 wall=191s
[composite_fixed_50] step  2600/3000 mode=ar   loss=4.0486 α=0.50 lr=8.67e-05 wall=207s
[composite_fixed_50] step  2800/3000 mode=diff loss=6.3254 α=0.50 lr=6.68e-05 wall=222s
[composite_fixed_50] done. 238s. wrote /workspace/sfumato/e5/results/f2_alpha_sweep/composite_fixed_50/seed120/model.pt and /workspace/sfumato/e5/results/f2_alpha_sweep/composite_fixed_50/seed120/summary.json
  train wall_s=242.8
  alpha=0.50: AR-NLL=3.6632 diff-NLL=6.0295

[composite_fixed_50 seed=121] training...
[composite_fixed_50] model: d=896 L=12 H=16 → 161.7M params
huggingface/tokenizers: The current process just got forked, after parallelism has already been used. Disabling parallelism to avoid deadlocks...
To disable this warning, you can either:
	- Avoid using `tokenizers` before the fork if possible
	- Explicitly set the environment variable TOKENIZERS_PARALLELISM=(true | false)
huggingface/tokenizers: The current process just got forked, after parallelism has already been used. Disabling parallelism to avoid deadlocks...
To disable this warning, you can either:
	- Avoid using `tokenizers` before the fork if possible
	- Explicitly set the environment variable TOKENIZERS_PARALLELISM=(true | false)
[composite_fixed_50] step     0/3000 mode=diff loss=10.8258 α=0.50 lr=0.00e+00 wall=0s
[composite_fixed_50] step   200/3000 mode=ar   loss=5.6765 α=0.50 lr=6.00e-04 wall=16s
[composite_fixed_50] step   400/3000 mode=diff loss=6.3989 α=0.50 lr=5.93e-04 wall=32s
[composite_fixed_50] step   600/3000 mode=ar   loss=4.8687 α=0.50 lr=5.73e-04 wall=48s
[composite_fixed_50] step   800/3000 mode=ar   loss=5.0122 α=0.50 lr=5.41e-04 wall=64s
[composite_fixed_50] step  1000/3000 mode=diff loss=6.4332 α=0.50 lr=4.98e-04 wall=80s
[composite_fixed_50] step  1200/3000 mode=ar   loss=4.4879 α=0.50 lr=4.47e-04 wall=95s
[composite_fixed_50] step  1400/3000 mode=diff loss=6.4635 α=0.50 lr=3.90e-04 wall=111s
[composite_fixed_50] step  1600/3000 mode=ar   loss=4.4641 α=0.50 lr=3.30e-04 wall=127s
[composite_fixed_50] step  1800/3000 mode=diff loss=6.7349 α=0.50 lr=2.70e-04 wall=143s
[composite_fixed_50] step  2000/3000 mode=diff loss=6.4188 α=0.50 lr=2.13e-04 wall=159s
[composite_fixed_50] step  2200/3000 mode=ar   loss=4.1956 α=0.50 lr=1.62e-04 wall=175s
[composite_fixed_50] step  2400/3000 mode=ar   loss=4.1524 α=0.50 lr=1.19e-04 wall=191s
[composite_fixed_50] step  2600/3000 mode=ar   loss=4.2769 α=0.50 lr=8.67e-05 wall=207s
[composite_fixed_50] step  2800/3000 mode=diff loss=6.4537 α=0.50 lr=6.68e-05 wall=223s
[composite_fixed_50] done. 239s. wrote /workspace/sfumato/e5/results/f2_alpha_sweep/composite_fixed_50/seed121/model.pt and /workspace/sfumato/e5/results/f2_alpha_sweep/composite_fixed_50/seed121/summary.json
  train wall_s=243.6
  alpha=0.50: AR-NLL=3.6141 diff-NLL=5.9726

[composite_fixed_50 seed=122] training...
[composite_fixed_50] model: d=896 L=12 H=16 → 161.7M params
huggingface/tokenizers: The current process just got forked, after parallelism has already been used. Disabling parallelism to avoid deadlocks...
To disable this warning, you can either:
	- Avoid using `tokenizers` before the fork if possible
	- Explicitly set the environment variable TOKENIZERS_PARALLELISM=(true | false)
huggingface/tokenizers: The current process just got forked, after parallelism has already been used. Disabling parallelism to avoid deadlocks...
To disable this warning, you can either:
	- Avoid using `tokenizers` before the fork if possible
	- Explicitly set the environment variable TOKENIZERS_PARALLELISM=(true | false)
[composite_fixed_50] step     0/3000 mode=ar   loss=11.0105 α=0.50 lr=0.00e+00 wall=0s
[composite_fixed_50] step   200/3000 mode=diff loss=6.5982 α=0.50 lr=6.00e-04 wall=16s
[composite_fixed_50] step   400/3000 mode=diff loss=6.4690 α=0.50 lr=5.93e-04 wall=32s
[composite_fixed_50] step   600/3000 mode=ar   loss=4.6609 α=0.50 lr=5.73e-04 wall=48s
[composite_fixed_50] step   800/3000 mode=ar   loss=4.8369 α=0.50 lr=5.41e-04 wall=64s
[composite_fixed_50] step  1000/3000 mode=diff loss=6.4287 α=0.50 lr=4.98e-04 wall=80s
[composite_fixed_50] step  1200/3000 mode=ar   loss=4.5250 α=0.50 lr=4.47e-04 wall=96s
[composite_fixed_50] step  1400/3000 mode=ar   loss=4.3968 α=0.50 lr=3.90e-04 wall=112s
[composite_fixed_50] step  1600/3000 mode=ar   loss=4.2055 α=0.50 lr=3.30e-04 wall=128s
[composite_fixed_50] step  1800/3000 mode=diff loss=6.3751 α=0.50 lr=2.70e-04 wall=144s
[composite_fixed_50] step  2000/3000 mode=ar   loss=4.2004 α=0.50 lr=2.13e-04 wall=160s
[composite_fixed_50] step  2200/3000 mode=ar   loss=3.9463 α=0.50 lr=1.62e-04 wall=175s
[composite_fixed_50] step  2400/3000 mode=ar   loss=3.9255 α=0.50 lr=1.19e-04 wall=192s
[composite_fixed_50] step  2600/3000 mode=diff loss=6.2071 α=0.50 lr=8.67e-05 wall=207s
[composite_fixed_50] step  2800/3000 mode=ar   loss=4.0687 α=0.50 lr=6.68e-05 wall=223s
[composite_fixed_50] done. 239s. wrote /workspace/sfumato/e5/results/f2_alpha_sweep/composite_fixed_50/seed122/model.pt and /workspace/sfumato/e5/results/f2_alpha_sweep/composite_fixed_50/seed122/summary.json
  train wall_s=243.5
  alpha=0.50: AR-NLL=3.567 diff-NLL=6.0349

[composite_fixed_70 seed=120] training...
[composite_fixed_70] model: d=896 L=12 H=16 → 161.7M params
huggingface/tokenizers: The current process just got forked, after parallelism has already been used. Disabling parallelism to avoid deadlocks...
To disable this warning, you can either:
	- Avoid using `tokenizers` before the fork if possible
	- Explicitly set the environment variable TOKENIZERS_PARALLELISM=(true | false)
huggingface/tokenizers: The current process just got forked, after parallelism has already been used. Disabling parallelism to avoid deadlocks...
To disable this warning, you can either:
	- Avoid using `tokenizers` before the fork if possible
	- Explicitly set the environment variable TOKENIZERS_PARALLELISM=(true | false)
[composite_fixed_70] step     0/3000 mode=ar   loss=11.0020 α=0.70 lr=0.00e+00 wall=0s
[composite_fixed_70] step   200/3000 mode=ar   loss=5.4695 α=0.70 lr=6.00e-04 wall=16s
[composite_fixed_70] step   400/3000 mode=diff loss=6.6071 α=0.70 lr=5.93e-04 wall=32s
[composite_fixed_70] step   600/3000 mode=diff loss=6.5722 α=0.70 lr=5.73e-04 wall=48s
[composite_fixed_70] step   800/3000 mode=ar   loss=4.4783 α=0.70 lr=5.41e-04 wall=64s
[composite_fixed_70] step  1000/3000 mode=ar   loss=3.9890 α=0.70 lr=4.98e-04 wall=80s
[composite_fixed_70] step  1200/3000 mode=ar   loss=3.9422 α=0.70 lr=4.47e-04 wall=96s
[composite_fixed_70] step  1400/3000 mode=ar   loss=4.0285 α=0.70 lr=3.90e-04 wall=112s
[composite_fixed_70] step  1600/3000 mode=ar   loss=4.0816 α=0.70 lr=3.30e-04 wall=128s
[composite_fixed_70] step  1800/3000 mode=diff loss=6.4830 α=0.70 lr=2.70e-04 wall=144s
[composite_fixed_70] step  2000/3000 mode=ar   loss=3.7316 α=0.70 lr=2.13e-04 wall=160s
[composite_fixed_70] step  2200/3000 mode=ar   loss=3.6536 α=0.70 lr=1.62e-04 wall=176s
[composite_fixed_70] step  2400/3000 mode=diff loss=6.0920 α=0.70 lr=1.19e-04 wall=191s
[composite_fixed_70] step  2600/3000 mode=ar   loss=3.5453 α=0.70 lr=8.67e-05 wall=207s
[composite_fixed_70] step  2800/3000 mode=ar   loss=3.4877 α=0.70 lr=6.68e-05 wall=224s
[composite_fixed_70] done. 240s. wrote /workspace/sfumato/e5/results/f2_alpha_sweep/composite_fixed_70/seed120/model.pt and /workspace/sfumato/e5/results/f2_alpha_sweep/composite_fixed_70/seed120/summary.json
  train wall_s=244.8
  alpha=0.70: AR-NLL=3.0227 diff-NLL=5.2307

[composite_fixed_70 seed=121] training...
[composite_fixed_70] model: d=896 L=12 H=16 → 161.7M params
huggingface/tokenizers: The current process just got forked, after parallelism has already been used. Disabling parallelism to avoid deadlocks...
To disable this warning, you can either:
	- Avoid using `tokenizers` before the fork if possible
	- Explicitly set the environment variable TOKENIZERS_PARALLELISM=(true | false)
huggingface/tokenizers: The current process just got forked, after parallelism has already been used. Disabling parallelism to avoid deadlocks...
To disable this warning, you can either:
	- Avoid using `tokenizers` before the fork if possible
	- Explicitly set the environment variable TOKENIZERS_PARALLELISM=(true | false)
[composite_fixed_70] step     0/3000 mode=diff loss=10.8258 α=0.70 lr=0.00e+00 wall=0s
[composite_fixed_70] step   200/3000 mode=ar   loss=5.2645 α=0.70 lr=6.00e-04 wall=16s
[composite_fixed_70] step   400/3000 mode=diff loss=6.3717 α=0.70 lr=5.93e-04 wall=32s
[composite_fixed_70] step   600/3000 mode=ar   loss=4.5538 α=0.70 lr=5.73e-04 wall=48s
[composite_fixed_70] step   800/3000 mode=ar   loss=4.7347 α=0.70 lr=5.41e-04 wall=64s
[composite_fixed_70] step  1000/3000 mode=ar   loss=4.4155 α=0.70 lr=4.98e-04 wall=80s
[composite_fixed_70] step  1200/3000 mode=ar   loss=4.1276 α=0.70 lr=4.47e-04 wall=96s
[composite_fixed_70] step  1400/3000 mode=diff loss=6.4996 α=0.70 lr=3.90e-04 wall=111s
[composite_fixed_70] step  1600/3000 mode=ar   loss=4.1063 α=0.70 lr=3.30e-04 wall=127s
[composite_fixed_70] step  1800/3000 mode=diff loss=6.6128 α=0.70 lr=2.70e-04 wall=143s
[composite_fixed_70] step  2000/3000 mode=diff loss=6.3504 α=0.70 lr=2.13e-04 wall=159s
[composite_fixed_70] step  2200/3000 mode=ar   loss=3.8051 α=0.70 lr=1.62e-04 wall=175s
[composite_fixed_70] step  2400/3000 mode=ar   loss=3.8006 α=0.70 lr=1.19e-04 wall=191s
[composite_fixed_70] step  2600/3000 mode=ar   loss=3.8795 α=0.70 lr=8.67e-05 wall=207s
[composite_fixed_70] step  2800/3000 mode=diff loss=6.2861 α=0.70 lr=6.68e-05 wall=223s
[composite_fixed_70] done. 239s. wrote /workspace/sfumato/e5/results/f2_alpha_sweep/composite_fixed_70/seed121/model.pt and /workspace/sfumato/e5/results/f2_alpha_sweep/composite_fixed_70/seed121/summary.json
  train wall_s=243.7
  alpha=0.70: AR-NLL=3.1402 diff-NLL=5.605

[composite_fixed_70 seed=122] training...
[composite_fixed_70] model: d=896 L=12 H=16 → 161.7M params
huggingface/tokenizers: The current process just got forked, after parallelism has already been used. Disabling parallelism to avoid deadlocks...
To disable this warning, you can either:
	- Avoid using `tokenizers` before the fork if possible
	- Explicitly set the environment variable TOKENIZERS_PARALLELISM=(true | false)
huggingface/tokenizers: The current process just got forked, after parallelism has already been used. Disabling parallelism to avoid deadlocks...
To disable this warning, you can either:
	- Avoid using `tokenizers` before the fork if possible
	- Explicitly set the environment variable TOKENIZERS_PARALLELISM=(true | false)
[composite_fixed_70] step     0/3000 mode=ar   loss=11.0105 α=0.70 lr=0.00e+00 wall=0s
[composite_fixed_70] step   200/3000 mode=ar   loss=5.2820 α=0.70 lr=6.00e-04 wall=16s
[composite_fixed_70] step   400/3000 mode=diff loss=6.5390 α=0.70 lr=5.93e-04 wall=32s
[composite_fixed_70] step   600/3000 mode=ar   loss=4.5004 α=0.70 lr=5.73e-04 wall=48s
[composite_fixed_70] step   800/3000 mode=ar   loss=4.5827 α=0.70 lr=5.41e-04 wall=64s
[composite_fixed_70] step  1000/3000 mode=diff loss=6.4609 α=0.70 lr=4.98e-04 wall=80s
[composite_fixed_70] step  1200/3000 mode=ar   loss=4.2203 α=0.70 lr=4.47e-04 wall=95s
[composite_fixed_70] step  1400/3000 mode=ar   loss=4.0562 α=0.70 lr=3.90e-04 wall=111s
[composite_fixed_70] step  1600/3000 mode=ar   loss=3.7923 α=0.70 lr=3.30e-04 wall=127s
[composite_fixed_70] step  1800/3000 mode=ar   loss=3.5518 α=0.70 lr=2.70e-04 wall=143s
[composite_fixed_70] step  2000/3000 mode=ar   loss=3.7367 α=0.70 lr=2.13e-04 wall=159s
[composite_fixed_70] step  2200/3000 mode=ar   loss=3.5666 α=0.70 lr=1.62e-04 wall=175s
[composite_fixed_70] step  2400/3000 mode=ar   loss=3.5043 α=0.70 lr=1.19e-04 wall=191s
[composite_fixed_70] step  2600/3000 mode=ar   loss=3.5575 α=0.70 lr=8.67e-05 wall=207s
[composite_fixed_70] step  2800/3000 mode=ar   loss=3.5671 α=0.70 lr=6.68e-05 wall=223s
[composite_fixed_70] done. 238s. wrote /workspace/sfumato/e5/results/f2_alpha_sweep/composite_fixed_70/seed122/model.pt and /workspace/sfumato/e5/results/f2_alpha_sweep/composite_fixed_70/seed122/summary.json
  train wall_s=243.0
  alpha=0.70: AR-NLL=3.037 diff-NLL=5.7525

========== FINAL AGGREGATE ==========
  alpha=0.30: AR-NLL=4.099 diff-NLL=6.035 n=3
  alpha=0.50: AR-NLL=3.615 diff-NLL=6.012 n=3
  alpha=0.70: AR-NLL=3.067 diff-NLL=5.529 n=3
===== F2 DONE, starting F5 block-size at Thu May 14 21:16:11 UTC 2026 =====
device=cuda blocks=[128, 256] seeds=[150, 151, 152]

[block=128 composite seed=150] training...
[composite] model: d=896 L=12 H=16 → 161.6M params
huggingface/tokenizers: The current process just got forked, after parallelism has already been used. Disabling parallelism to avoid deadlocks...
To disable this warning, you can either:
	- Avoid using `tokenizers` before the fork if possible
	- Explicitly set the environment variable TOKENIZERS_PARALLELISM=(true | false)
huggingface/tokenizers: The current process just got forked, after parallelism has already been used. Disabling parallelism to avoid deadlocks...
To disable this warning, you can either:
	- Avoid using `tokenizers` before the fork if possible
	- Explicitly set the environment variable TOKENIZERS_PARALLELISM=(true | false)
[composite] step     0/3000 mode=ar   loss=11.0579 α=1.00 lr=0.00e+00 wall=0s
[composite] step   200/3000 mode=ar   loss=5.2746 α=0.97 lr=6.00e-04 wall=14s
[composite] step   400/3000 mode=ar   loss=4.7927 α=0.93 lr=5.93e-04 wall=28s
[composite] step   600/3000 mode=ar   loss=4.4714 α=0.90 lr=5.73e-04 wall=41s
[composite] step   800/3000 mode=ar   loss=4.3651 α=0.87 lr=5.41e-04 wall=54s
[composite] step  1000/3000 mode=ar   loss=4.2420 α=0.83 lr=4.98e-04 wall=67s
[composite] step  1200/3000 mode=diff loss=6.4600 α=0.80 lr=4.47e-04 wall=81s
[composite] step  1400/3000 mode=ar   loss=4.3516 α=0.77 lr=3.90e-04 wall=95s
[composite] step  1600/3000 mode=ar   loss=4.3007 α=0.73 lr=3.30e-04 wall=108s
[composite] step  1800/3000 mode=diff loss=6.4855 α=0.70 lr=2.70e-04 wall=121s
[composite] step  2000/3000 mode=ar   loss=4.3246 α=0.67 lr=2.13e-04 wall=135s
[composite] step  2200/3000 mode=ar   loss=4.3894 α=0.63 lr=1.62e-04 wall=148s
[composite] step  2400/3000 mode=ar   loss=3.9279 α=0.60 lr=1.19e-04 wall=162s
[composite] step  2600/3000 mode=ar   loss=3.8840 α=0.57 lr=8.67e-05 wall=175s
[composite] step  2800/3000 mode=ar   loss=4.2684 α=0.53 lr=6.68e-05 wall=189s
[composite] done. 203s. wrote /workspace/sfumato/e5/results/f5_blocksize/block128/composite_seed150/model.pt and /workspace/sfumato/e5/results/f5_blocksize/block128/composite_seed150/summary.json
  train wall_s=208.3
  AR-NLL = 3.5007

[block=128 composite seed=151] training...
[composite] model: d=896 L=12 H=16 → 161.6M params
huggingface/tokenizers: The current process just got forked, after parallelism has already been used. Disabling parallelism to avoid deadlocks...
To disable this warning, you can either:
	- Avoid using `tokenizers` before the fork if possible
	- Explicitly set the environment variable TOKENIZERS_PARALLELISM=(true | false)
huggingface/tokenizers: The current process just got forked, after parallelism has already been used. Disabling parallelism to avoid deadlocks...
To disable this warning, you can either:
	- Avoid using `tokenizers` before the fork if possible
	- Explicitly set the environment variable TOKENIZERS_PARALLELISM=(true | false)
[composite] step     0/3000 mode=ar   loss=11.0152 α=1.00 lr=0.00e+00 wall=0s
[composite] step   200/3000 mode=diff loss=7.0648 α=0.97 lr=6.00e-04 wall=13s
[composite] step   400/3000 mode=ar   loss=4.8628 α=0.93 lr=5.93e-04 wall=27s
[composite] step   600/3000 mode=diff loss=6.6294 α=0.90 lr=5.73e-04 wall=41s
[composite] step   800/3000 mode=ar   loss=4.8955 α=0.87 lr=5.41e-04 wall=54s
[composite] step  1000/3000 mode=ar   loss=4.3551 α=0.83 lr=4.98e-04 wall=68s
[composite] step  1200/3000 mode=ar   loss=4.7187 α=0.80 lr=4.47e-04 wall=82s
[composite] step  1400/3000 mode=ar   loss=4.4608 α=0.77 lr=3.90e-04 wall=95s
[composite] step  1600/3000 mode=ar   loss=4.1396 α=0.73 lr=3.30e-04 wall=109s
[composite] step  1800/3000 mode=ar   loss=4.2133 α=0.70 lr=2.70e-04 wall=122s
[composite] step  2000/3000 mode=diff loss=6.4857 α=0.67 lr=2.13e-04 wall=135s
[composite] step  2200/3000 mode=ar   loss=4.1276 α=0.63 lr=1.62e-04 wall=149s
[composite] step  2400/3000 mode=ar   loss=3.6616 α=0.60 lr=1.19e-04 wall=162s
[composite] step  2600/3000 mode=ar   loss=3.7264 α=0.57 lr=8.67e-05 wall=175s
[composite] step  2800/3000 mode=ar   loss=3.7810 α=0.53 lr=6.68e-05 wall=189s
[composite] done. 203s. wrote /workspace/sfumato/e5/results/f5_blocksize/block128/composite_seed151/model.pt and /workspace/sfumato/e5/results/f5_blocksize/block128/composite_seed151/summary.json
  train wall_s=207.1
  AR-NLL = 3.1898

[block=128 composite seed=152] training...
[composite] model: d=896 L=12 H=16 → 161.6M params
huggingface/tokenizers: The current process just got forked, after parallelism has already been used. Disabling parallelism to avoid deadlocks...
To disable this warning, you can either:
	- Avoid using `tokenizers` before the fork if possible
	- Explicitly set the environment variable TOKENIZERS_PARALLELISM=(true | false)
huggingface/tokenizers: The current process just got forked, after parallelism has already been used. Disabling parallelism to avoid deadlocks...
To disable this warning, you can either:
	- Avoid using `tokenizers` before the fork if possible
	- Explicitly set the environment variable TOKENIZERS_PARALLELISM=(true | false)
[composite] step     0/3000 mode=ar   loss=11.0160 α=1.00 lr=0.00e+00 wall=0s
[composite] step   200/3000 mode=ar   loss=5.6228 α=0.97 lr=6.00e-04 wall=14s
[composite] step   400/3000 mode=ar   loss=5.0175 α=0.93 lr=5.93e-04 wall=27s
[composite] step   600/3000 mode=ar   loss=4.5027 α=0.90 lr=5.73e-04 wall=40s
[composite] step   800/3000 mode=ar   loss=4.9001 α=0.87 lr=5.41e-04 wall=54s
[composite] step  1000/3000 mode=ar   loss=4.8182 α=0.83 lr=4.98e-04 wall=68s
[composite] step  1200/3000 mode=diff loss=6.3108 α=0.80 lr=4.47e-04 wall=81s
[composite] step  1400/3000 mode=diff loss=6.4994 α=0.77 lr=3.90e-04 wall=95s
[composite] step  1600/3000 mode=ar   loss=4.2958 α=0.73 lr=3.30e-04 wall=108s
[composite] step  1800/3000 mode=ar   loss=3.9603 α=0.70 lr=2.70e-04 wall=121s
[composite] step  2000/3000 mode=diff loss=5.9185 α=0.67 lr=2.13e-04 wall=135s
[composite] step  2200/3000 mode=ar   loss=4.2442 α=0.63 lr=1.62e-04 wall=148s
[composite] step  2400/3000 mode=diff loss=6.2606 α=0.60 lr=1.19e-04 wall=161s
[composite] step  2600/3000 mode=diff loss=5.7483 α=0.57 lr=8.67e-05 wall=175s
[composite] step  2800/3000 mode=ar   loss=3.7853 α=0.53 lr=6.68e-05 wall=189s
[composite] done. 202s. wrote /workspace/sfumato/e5/results/f5_blocksize/block128/composite_seed152/model.pt and /workspace/sfumato/e5/results/f5_blocksize/block128/composite_seed152/summary.json
  train wall_s=206.6
  AR-NLL = 3.2908

[block=128 ar_only seed=150] training...
[ar_only] model: d=896 L=12 H=16 → 161.6M params
huggingface/tokenizers: The current process just got forked, after parallelism has already been used. Disabling parallelism to avoid deadlocks...
To disable this warning, you can either:
	- Avoid using `tokenizers` before the fork if possible
	- Explicitly set the environment variable TOKENIZERS_PARALLELISM=(true | false)
huggingface/tokenizers: The current process just got forked, after parallelism has already been used. Disabling parallelism to avoid deadlocks...
To disable this warning, you can either:
	- Avoid using `tokenizers` before the fork if possible
	- Explicitly set the environment variable TOKENIZERS_PARALLELISM=(true | false)
[ar_only] step     0/3000 mode=ar   loss=11.0579 α=1.00 lr=0.00e+00 wall=0s
[ar_only] step   200/3000 mode=ar   loss=5.2969 α=1.00 lr=6.00e-04 wall=14s
[ar_only] step   400/3000 mode=ar   loss=4.7115 α=1.00 lr=5.93e-04 wall=28s
[ar_only] step   600/3000 mode=ar   loss=4.5076 α=1.00 lr=5.73e-04 wall=41s
[ar_only] step   800/3000 mode=ar   loss=4.3578 α=1.00 lr=5.41e-04 wall=55s
[ar_only] step  1000/3000 mode=ar   loss=4.1812 α=1.00 lr=4.98e-04 wall=69s
[ar_only] step  1200/3000 mode=ar   loss=4.4385 α=1.00 lr=4.47e-04 wall=82s
[ar_only] step  1400/3000 mode=ar   loss=4.3734 α=1.00 lr=3.90e-04 wall=96s
[ar_only] step  1600/3000 mode=ar   loss=4.2444 α=1.00 lr=3.30e-04 wall=110s
[ar_only] step  1800/3000 mode=ar   loss=4.0928 α=1.00 lr=2.70e-04 wall=124s
[ar_only] step  2000/3000 mode=ar   loss=4.2320 α=1.00 lr=2.13e-04 wall=137s
[ar_only] step  2200/3000 mode=ar   loss=4.2696 α=1.00 lr=1.62e-04 wall=150s
[ar_only] step  2400/3000 mode=ar   loss=3.7771 α=1.00 lr=1.19e-04 wall=164s
[ar_only] step  2600/3000 mode=ar   loss=3.7980 α=1.00 lr=8.67e-05 wall=178s
[ar_only] step  2800/3000 mode=ar   loss=4.2071 α=1.00 lr=6.68e-05 wall=191s
[ar_only] done. 204s. wrote /workspace/sfumato/e5/results/f5_blocksize/block128/ar_only_seed150/model.pt and /workspace/sfumato/e5/results/f5_blocksize/block128/ar_only_seed150/summary.json
  train wall_s=208.4
  AR-NLL = 3.3781

[block=128 ar_only seed=151] training...
[ar_only] model: d=896 L=12 H=16 → 161.6M params
huggingface/tokenizers: The current process just got forked, after parallelism has already been used. Disabling parallelism to avoid deadlocks...
To disable this warning, you can either:
	- Avoid using `tokenizers` before the fork if possible
	- Explicitly set the environment variable TOKENIZERS_PARALLELISM=(true | false)
huggingface/tokenizers: The current process just got forked, after parallelism has already been used. Disabling parallelism to avoid deadlocks...
To disable this warning, you can either:
	- Avoid using `tokenizers` before the fork if possible
	- Explicitly set the environment variable TOKENIZERS_PARALLELISM=(true | false)
[ar_only] step     0/3000 mode=ar   loss=11.0152 α=1.00 lr=0.00e+00 wall=0s
[ar_only] step   200/3000 mode=ar   loss=5.4943 α=1.00 lr=6.00e-04 wall=14s
[ar_only] step   400/3000 mode=ar   loss=4.7246 α=1.00 lr=5.93e-04 wall=27s
[ar_only] step   600/3000 mode=ar   loss=4.5413 α=1.00 lr=5.73e-04 wall=41s
[ar_only] step   800/3000 mode=ar   loss=4.9120 α=1.00 lr=5.41e-04 wall=55s
[ar_only] step  1000/3000 mode=ar   loss=4.3538 α=1.00 lr=4.98e-04 wall=68s
[ar_only] step  1200/3000 mode=ar   loss=4.6770 α=1.00 lr=4.47e-04 wall=82s
[ar_only] step  1400/3000 mode=ar   loss=4.3519 α=1.00 lr=3.90e-04 wall=95s
[ar_only] step  1600/3000 mode=ar   loss=4.0910 α=1.00 lr=3.30e-04 wall=108s
[ar_only] step  1800/3000 mode=ar   loss=4.1146 α=1.00 lr=2.70e-04 wall=122s
[ar_only] step  2000/3000 mode=ar   loss=4.1194 α=1.00 lr=2.13e-04 wall=135s
[ar_only] step  2200/3000 mode=ar   loss=4.0564 α=1.00 lr=1.62e-04 wall=149s
[ar_only] step  2400/3000 mode=ar   loss=3.6249 α=1.00 lr=1.19e-04 wall=162s
[ar_only] step  2600/3000 mode=ar   loss=3.6540 α=1.00 lr=8.67e-05 wall=176s
[ar_only] step  2800/3000 mode=ar   loss=3.6546 α=1.00 lr=6.68e-05 wall=189s
[ar_only] done. 202s. wrote /workspace/sfumato/e5/results/f5_blocksize/block128/ar_only_seed151/model.pt and /workspace/sfumato/e5/results/f5_blocksize/block128/ar_only_seed151/summary.json
  train wall_s=206.4
  AR-NLL = 3.0534

[block=128 ar_only seed=152] training...
[ar_only] model: d=896 L=12 H=16 → 161.6M params
huggingface/tokenizers: The current process just got forked, after parallelism has already been used. Disabling parallelism to avoid deadlocks...
To disable this warning, you can either:
	- Avoid using `tokenizers` before the fork if possible
	- Explicitly set the environment variable TOKENIZERS_PARALLELISM=(true | false)
huggingface/tokenizers: The current process just got forked, after parallelism has already been used. Disabling parallelism to avoid deadlocks...
To disable this warning, you can either:
	- Avoid using `tokenizers` before the fork if possible
	- Explicitly set the environment variable TOKENIZERS_PARALLELISM=(true | false)
[ar_only] step     0/3000 mode=ar   loss=11.0160 α=1.00 lr=0.00e+00 wall=0s
[ar_only] step   200/3000 mode=ar   loss=5.5051 α=1.00 lr=6.00e-04 wall=14s
[ar_only] step   400/3000 mode=ar   loss=4.9391 α=1.00 lr=5.93e-04 wall=27s
[ar_only] step   600/3000 mode=ar   loss=4.4395 α=1.00 lr=5.73e-04 wall=41s
[ar_only] step   800/3000 mode=ar   loss=4.8680 α=1.00 lr=5.41e-04 wall=53s
[ar_only] step  1000/3000 mode=ar   loss=4.8030 α=1.00 lr=4.98e-04 wall=66s
[ar_only] step  1200/3000 mode=ar   loss=4.0891 α=1.00 lr=4.47e-04 wall=80s
[ar_only] step  1400/3000 mode=ar   loss=4.1357 α=1.00 lr=3.90e-04 wall=93s
[ar_only] step  1600/3000 mode=ar   loss=4.1602 α=1.00 lr=3.30e-04 wall=107s
[ar_only] step  1800/3000 mode=ar   loss=3.7449 α=1.00 lr=2.70e-04 wall=120s
[ar_only] step  2000/3000 mode=ar   loss=3.4990 α=1.00 lr=2.13e-04 wall=134s
[ar_only] step  2200/3000 mode=ar   loss=4.0579 α=1.00 lr=1.62e-04 wall=148s
[ar_only] step  2400/3000 mode=ar   loss=4.0288 α=1.00 lr=1.19e-04 wall=161s
[ar_only] step  2600/3000 mode=ar   loss=3.6344 α=1.00 lr=8.67e-05 wall=174s
[ar_only] step  2800/3000 mode=ar   loss=3.6394 α=1.00 lr=6.68e-05 wall=188s
[ar_only] done. 201s. wrote /workspace/sfumato/e5/results/f5_blocksize/block128/ar_only_seed152/model.pt and /workspace/sfumato/e5/results/f5_blocksize/block128/ar_only_seed152/summary.json
  train wall_s=205.6
  AR-NLL = 3.0577

[block=256 composite seed=150] training...
[composite] model: d=896 L=12 H=16 → 161.7M params
huggingface/tokenizers: The current process just got forked, after parallelism has already been used. Disabling parallelism to avoid deadlocks...
To disable this warning, you can either:
	- Avoid using `tokenizers` before the fork if possible
	- Explicitly set the environment variable TOKENIZERS_PARALLELISM=(true | false)
huggingface/tokenizers: The current process just got forked, after parallelism has already been used. Disabling parallelism to avoid deadlocks...
To disable this warning, you can either:
	- Avoid using `tokenizers` before the fork if possible
	- Explicitly set the environment variable TOKENIZERS_PARALLELISM=(true | false)
[composite] step     0/3000 mode=ar   loss=11.0479 α=1.00 lr=0.00e+00 wall=0s
[composite] step   200/3000 mode=ar   loss=4.8794 α=0.97 lr=6.00e-04 wall=16s
[composite] step   400/3000 mode=ar   loss=4.5489 α=0.93 lr=5.93e-04 wall=32s
[composite] step   600/3000 mode=ar   loss=4.3529 α=0.90 lr=5.73e-04 wall=48s
[composite] step   800/3000 mode=ar   loss=4.1790 α=0.87 lr=5.41e-04 wall=64s
[composite] step  1000/3000 mode=ar   loss=4.0333 α=0.83 lr=4.98e-04 wall=79s
[composite] step  1200/3000 mode=diff loss=6.6108 α=0.80 lr=4.47e-04 wall=95s
[composite] step  1400/3000 mode=ar   loss=4.2863 α=0.77 lr=3.90e-04 wall=111s
[composite] step  1600/3000 mode=ar   loss=3.9088 α=0.73 lr=3.30e-04 wall=127s
[composite] step  1800/3000 mode=diff loss=6.5872 α=0.70 lr=2.70e-04 wall=143s
[composite] step  2000/3000 mode=ar   loss=3.7830 α=0.67 lr=2.13e-04 wall=159s
[composite] step  2200/3000 mode=ar   loss=3.8522 α=0.63 lr=1.62e-04 wall=175s
[composite] step  2400/3000 mode=ar   loss=3.3443 α=0.60 lr=1.19e-04 wall=191s
[composite] step  2600/3000 mode=ar   loss=3.4537 α=0.57 lr=8.67e-05 wall=206s
[composite] step  2800/3000 mode=ar   loss=3.5499 α=0.53 lr=6.68e-05 wall=222s
[composite] done. 238s. wrote /workspace/sfumato/e5/results/f5_blocksize/block256/composite_seed150/model.pt and /workspace/sfumato/e5/results/f5_blocksize/block256/composite_seed150/summary.json
  train wall_s=242.6
  AR-NLL = 2.8829

[block=256 composite seed=151] training...
[composite] model: d=896 L=12 H=16 → 161.7M params
huggingface/tokenizers: The current process just got forked, after parallelism has already been used. Disabling parallelism to avoid deadlocks...
To disable this warning, you can either:
	- Avoid using `tokenizers` before the fork if possible
	- Explicitly set the environment variable TOKENIZERS_PARALLELISM=(true | false)
huggingface/tokenizers: The current process just got forked, after parallelism has already been used. Disabling parallelism to avoid deadlocks...
To disable this warning, you can either:
	- Avoid using `tokenizers` before the fork if possible
	- Explicitly set the environment variable TOKENIZERS_PARALLELISM=(true | false)
[composite] step     0/3000 mode=ar   loss=11.0042 α=1.00 lr=0.00e+00 wall=0s
[composite] step   200/3000 mode=diff loss=6.5925 α=0.97 lr=6.00e-04 wall=16s
[composite] step   400/3000 mode=ar   loss=4.6570 α=0.93 lr=5.93e-04 wall=32s
[composite] step   600/3000 mode=diff loss=6.5529 α=0.90 lr=5.73e-04 wall=48s
[composite] step   800/3000 mode=ar   loss=4.4514 α=0.87 lr=5.41e-04 wall=64s
[composite] step  1000/3000 mode=ar   loss=4.0759 α=0.83 lr=4.98e-04 wall=80s
[composite] step  1200/3000 mode=ar   loss=4.4388 α=0.80 lr=4.47e-04 wall=96s
[composite] step  1400/3000 mode=ar   loss=4.1110 α=0.77 lr=3.90e-04 wall=112s
[composite] step  1600/3000 mode=ar   loss=3.8867 α=0.73 lr=3.30e-04 wall=128s
[composite] step  1800/3000 mode=ar   loss=3.9176 α=0.70 lr=2.70e-04 wall=143s
[composite] step  2000/3000 mode=diff loss=6.5027 α=0.67 lr=2.13e-04 wall=159s
[composite] step  2200/3000 mode=ar   loss=3.5422 α=0.63 lr=1.62e-04 wall=175s
[composite] step  2400/3000 mode=ar   loss=3.5375 α=0.60 lr=1.19e-04 wall=191s
[composite] step  2600/3000 mode=ar   loss=3.4533 α=0.57 lr=8.67e-05 wall=207s
[composite] step  2800/3000 mode=ar   loss=3.4981 α=0.53 lr=6.68e-05 wall=223s
[composite] done. 239s. wrote /workspace/sfumato/e5/results/f5_blocksize/block256/composite_seed151/model.pt and /workspace/sfumato/e5/results/f5_blocksize/block256/composite_seed151/summary.json
  train wall_s=243.6
  AR-NLL = 2.8636

[block=256 composite seed=152] training...
[composite] model: d=896 L=12 H=16 → 161.7M params
huggingface/tokenizers: The current process just got forked, after parallelism has already been used. Disabling parallelism to avoid deadlocks...
To disable this warning, you can either:
	- Avoid using `tokenizers` before the fork if possible
	- Explicitly set the environment variable TOKENIZERS_PARALLELISM=(true | false)
huggingface/tokenizers: The current process just got forked, after parallelism has already been used. Disabling parallelism to avoid deadlocks...
To disable this warning, you can either:
	- Avoid using `tokenizers` before the fork if possible
	- Explicitly set the environment variable TOKENIZERS_PARALLELISM=(true | false)
[composite] step     0/3000 mode=ar   loss=11.0226 α=1.00 lr=0.00e+00 wall=0s
[composite] step   200/3000 mode=ar   loss=5.2266 α=0.97 lr=6.00e-04 wall=16s
[composite] step   400/3000 mode=ar   loss=4.7690 α=0.93 lr=5.93e-04 wall=32s
[composite] step   600/3000 mode=ar   loss=4.4291 α=0.90 lr=5.73e-04 wall=48s
[composite] step   800/3000 mode=ar   loss=4.5130 α=0.87 lr=5.41e-04 wall=64s
[composite] step  1000/3000 mode=ar   loss=4.2601 α=0.83 lr=4.98e-04 wall=80s
[composite] step  1200/3000 mode=diff loss=6.3284 α=0.80 lr=4.47e-04 wall=96s
[composite] step  1400/3000 mode=diff loss=6.3070 α=0.77 lr=3.90e-04 wall=112s
[composite] step  1600/3000 mode=ar   loss=3.9515 α=0.73 lr=3.30e-04 wall=127s
[composite] step  1800/3000 mode=ar   loss=3.9827 α=0.70 lr=2.70e-04 wall=143s
[composite] step  2000/3000 mode=diff loss=6.0495 α=0.67 lr=2.13e-04 wall=159s
[composite] step  2200/3000 mode=ar   loss=3.6087 α=0.63 lr=1.62e-04 wall=175s
[composite] step  2400/3000 mode=diff loss=6.2721 α=0.60 lr=1.19e-04 wall=191s
[composite] step  2600/3000 mode=diff loss=6.4451 α=0.57 lr=8.67e-05 wall=207s
[composite] step  2800/3000 mode=ar   loss=3.6275 α=0.53 lr=6.68e-05 wall=223s
[composite] done. 239s. wrote /workspace/sfumato/e5/results/f5_blocksize/block256/composite_seed152/model.pt and /workspace/sfumato/e5/results/f5_blocksize/block256/composite_seed152/summary.json
  train wall_s=243.0
  AR-NLL = 2.9399

[block=256 ar_only seed=150] training...
[ar_only] model: d=896 L=12 H=16 → 161.7M params
huggingface/tokenizers: The current process just got forked, after parallelism has already been used. Disabling parallelism to avoid deadlocks...
To disable this warning, you can either:
	- Avoid using `tokenizers` before the fork if possible
	- Explicitly set the environment variable TOKENIZERS_PARALLELISM=(true | false)
huggingface/tokenizers: The current process just got forked, after parallelism has already been used. Disabling parallelism to avoid deadlocks...
To disable this warning, you can either:
	- Avoid using `tokenizers` before the fork if possible
	- Explicitly set the environment variable TOKENIZERS_PARALLELISM=(true | false)
[ar_only] step     0/3000 mode=ar   loss=11.0479 α=1.00 lr=0.00e+00 wall=0s
[ar_only] step   200/3000 mode=ar   loss=4.8528 α=1.00 lr=6.00e-04 wall=16s
[ar_only] step   400/3000 mode=ar   loss=4.5069 α=1.00 lr=5.93e-04 wall=32s
[ar_only] step   600/3000 mode=ar   loss=4.2984 α=1.00 lr=5.73e-04 wall=48s
[ar_only] step   800/3000 mode=ar   loss=4.1233 α=1.00 lr=5.41e-04 wall=64s
[ar_only] step  1000/3000 mode=ar   loss=3.9716 α=1.00 lr=4.98e-04 wall=80s
[ar_only] step  1200/3000 mode=ar   loss=4.0168 α=1.00 lr=4.47e-04 wall=96s
[ar_only] step  1400/3000 mode=ar   loss=4.2200 α=1.00 lr=3.90e-04 wall=112s
[ar_only] step  1600/3000 mode=ar   loss=3.7323 α=1.00 lr=3.30e-04 wall=128s
[ar_only] step  1800/3000 mode=ar   loss=3.5326 α=1.00 lr=2.70e-04 wall=143s
[ar_only] step  2000/3000 mode=ar   loss=3.5507 α=1.00 lr=2.13e-04 wall=159s
[ar_only] step  2200/3000 mode=ar   loss=3.6496 α=1.00 lr=1.62e-04 wall=175s
[ar_only] step  2400/3000 mode=ar   loss=3.1078 α=1.00 lr=1.19e-04 wall=191s
[ar_only] step  2600/3000 mode=ar   loss=3.2235 α=1.00 lr=8.67e-05 wall=207s
[ar_only] step  2800/3000 mode=ar   loss=3.3253 α=1.00 lr=6.68e-05 wall=223s
[ar_only] done. 239s. wrote /workspace/sfumato/e5/results/f5_blocksize/block256/ar_only_seed150/model.pt and /workspace/sfumato/e5/results/f5_blocksize/block256/ar_only_seed150/summary.json
  train wall_s=243.2
  AR-NLL = 2.5264

[block=256 ar_only seed=151] training...
[ar_only] model: d=896 L=12 H=16 → 161.7M params
huggingface/tokenizers: The current process just got forked, after parallelism has already been used. Disabling parallelism to avoid deadlocks...
To disable this warning, you can either:
	- Avoid using `tokenizers` before the fork if possible
	- Explicitly set the environment variable TOKENIZERS_PARALLELISM=(true | false)
huggingface/tokenizers: The current process just got forked, after parallelism has already been used. Disabling parallelism to avoid deadlocks...
To disable this warning, you can either:
	- Avoid using `tokenizers` before the fork if possible
	- Explicitly set the environment variable TOKENIZERS_PARALLELISM=(true | false)
[ar_only] step     0/3000 mode=ar   loss=11.0042 α=1.00 lr=0.00e+00 wall=0s
[ar_only] step   200/3000 mode=ar   loss=4.9748 α=1.00 lr=6.00e-04 wall=16s
[ar_only] step   400/3000 mode=ar   loss=4.4444 α=1.00 lr=5.93e-04 wall=32s
[ar_only] step   600/3000 mode=ar   loss=4.4000 α=1.00 lr=5.73e-04 wall=48s
[ar_only] step   800/3000 mode=ar   loss=4.3374 α=1.00 lr=5.41e-04 wall=64s
[ar_only] step  1000/3000 mode=ar   loss=4.0296 α=1.00 lr=4.98e-04 wall=80s
[ar_only] step  1200/3000 mode=ar   loss=4.4081 α=1.00 lr=4.47e-04 wall=96s
[ar_only] step  1400/3000 mode=ar   loss=3.9905 α=1.00 lr=3.90e-04 wall=112s
[ar_only] step  1600/3000 mode=ar   loss=3.7392 α=1.00 lr=3.30e-04 wall=127s
[ar_only] step  1800/3000 mode=ar   loss=3.7462 α=1.00 lr=2.70e-04 wall=143s
[ar_only] step  2000/3000 mode=ar   loss=3.5927 α=1.00 lr=2.13e-04 wall=159s
[ar_only] step  2200/3000 mode=ar   loss=3.3635 α=1.00 lr=1.62e-04 wall=175s
[ar_only] step  2400/3000 mode=ar   loss=3.3727 α=1.00 lr=1.19e-04 wall=191s
[ar_only] step  2600/3000 mode=ar   loss=3.2734 α=1.00 lr=8.67e-05 wall=207s
[ar_only] step  2800/3000 mode=ar   loss=3.2519 α=1.00 lr=6.68e-05 wall=223s
[ar_only] done. 239s. wrote /workspace/sfumato/e5/results/f5_blocksize/block256/ar_only_seed151/model.pt and /workspace/sfumato/e5/results/f5_blocksize/block256/ar_only_seed151/summary.json
  train wall_s=243.4
  AR-NLL = 2.6136

[block=256 ar_only seed=152] training...
[ar_only] model: d=896 L=12 H=16 → 161.7M params
huggingface/tokenizers: The current process just got forked, after parallelism has already been used. Disabling parallelism to avoid deadlocks...
To disable this warning, you can either:
	- Avoid using `tokenizers` before the fork if possible
	- Explicitly set the environment variable TOKENIZERS_PARALLELISM=(true | false)
huggingface/tokenizers: The current process just got forked, after parallelism has already been used. Disabling parallelism to avoid deadlocks...
To disable this warning, you can either:
	- Avoid using `tokenizers` before the fork if possible
	- Explicitly set the environment variable TOKENIZERS_PARALLELISM=(true | false)
[ar_only] step     0/3000 mode=ar   loss=11.0226 α=1.00 lr=0.00e+00 wall=0s
[ar_only] step   200/3000 mode=ar   loss=5.2121 α=1.00 lr=6.00e-04 wall=16s
[ar_only] step   400/3000 mode=ar   loss=4.6591 α=1.00 lr=5.93e-04 wall=32s
[ar_only] step   600/3000 mode=ar   loss=4.3336 α=1.00 lr=5.73e-04 wall=48s
[ar_only] step   800/3000 mode=ar   loss=4.4180 α=1.00 lr=5.41e-04 wall=64s
[ar_only] step  1000/3000 mode=ar   loss=4.1283 α=1.00 lr=4.98e-04 wall=80s
[ar_only] step  1200/3000 mode=ar   loss=3.7430 α=1.00 lr=4.47e-04 wall=95s
[ar_only] step  1400/3000 mode=ar   loss=3.9057 α=1.00 lr=3.90e-04 wall=111s
[ar_only] step  1600/3000 mode=ar   loss=3.7413 α=1.00 lr=3.30e-04 wall=127s
[ar_only] step  1800/3000 mode=ar   loss=3.7393 α=1.00 lr=2.70e-04 wall=143s
[ar_only] step  2000/3000 mode=ar   loss=3.1102 α=1.00 lr=2.13e-04 wall=159s
[ar_only] step  2200/3000 mode=ar   loss=3.3486 α=1.00 lr=1.62e-04 wall=175s
[ar_only] step  2400/3000 mode=ar   loss=3.2513 α=1.00 lr=1.19e-04 wall=191s
[ar_only] step  2600/3000 mode=ar   loss=3.1923 α=1.00 lr=8.67e-05 wall=207s
[ar_only] step  2800/3000 mode=ar   loss=3.3568 α=1.00 lr=6.68e-05 wall=223s
[ar_only] done. 238s. wrote /workspace/sfumato/e5/results/f5_blocksize/block256/ar_only_seed152/model.pt and /workspace/sfumato/e5/results/f5_blocksize/block256/ar_only_seed152/summary.json
  train wall_s=243.3
  AR-NLL = 2.5775

========== FINAL AGGREGATE ==========
  block=128: composite=3.327 ar_only=3.163 Δ=+0.164 n=3
  block=256: composite=2.895 ar_only=2.573 Δ=+0.323 n=3
===== Overnight pod1 DONE Thu May 14 22:02:15 UTC 2026 =====
