===== Pod 02 F3 watcher started at Thu May 14 19:24:21 UTC 2026, waiting for /tmp/e3c_finished_marker =====
===== E3c marker seen, starting F3 AR compute control at Thu May 14 21:17:21 UTC 2026 =====
device=cuda scales=['60M', '120M', '200M'] seeds=[130, 131, 132] max_steps=6000
loaded 1,166,609 train tokens, 100 probe problems

[60M seed=130] training AR-only 6k...
[ar_only] model: d=512 L=8 H=8 → 51.3M params
huggingface/tokenizers: The current process just got forked, after parallelism has already been used. Disabling parallelism to avoid deadlocks...
To disable this warning, you can either:
	- Avoid using `tokenizers` before the fork if possible
	- Explicitly set the environment variable TOKENIZERS_PARALLELISM=(true | false)
huggingface/tokenizers: The current process just got forked, after parallelism has already been used. Disabling parallelism to avoid deadlocks...
To disable this warning, you can either:
	- Avoid using `tokenizers` before the fork if possible
	- Explicitly set the environment variable TOKENIZERS_PARALLELISM=(true | false)
[ar_only] step     0/6000 mode=ar   loss=10.9127 α=1.00 lr=0.00e+00 wall=0s
[ar_only] step   200/6000 mode=ar   loss=5.0753 α=1.00 lr=6.00e-04 wall=10s
[ar_only] step   400/6000 mode=ar   loss=4.4856 α=1.00 lr=5.98e-04 wall=21s
[ar_only] step   600/6000 mode=ar   loss=4.7149 α=1.00 lr=5.94e-04 wall=31s
[ar_only] step   800/6000 mode=ar   loss=3.9511 α=1.00 lr=5.86e-04 wall=42s
[ar_only] step  1000/6000 mode=ar   loss=3.9221 α=1.00 lr=5.75e-04 wall=52s
[ar_only] step  1200/6000 mode=ar   loss=3.8755 α=1.00 lr=5.61e-04 wall=62s
[ar_only] step  1400/6000 mode=ar   loss=3.8314 α=1.00 lr=5.45e-04 wall=73s
[ar_only] step  1600/6000 mode=ar   loss=3.5588 α=1.00 lr=5.26e-04 wall=83s
[ar_only] step  1800/6000 mode=ar   loss=3.4372 α=1.00 lr=5.05e-04 wall=94s
[ar_only] step  2000/6000 mode=ar   loss=3.2734 α=1.00 lr=4.82e-04 wall=102s
[ar_only] step  2200/6000 mode=ar   loss=3.1771 α=1.00 lr=4.56e-04 wall=112s
[ar_only] step  2400/6000 mode=ar   loss=3.2945 α=1.00 lr=4.30e-04 wall=121s
[ar_only] step  2600/6000 mode=ar   loss=3.3038 α=1.00 lr=4.02e-04 wall=129s
[ar_only] step  2800/6000 mode=ar   loss=2.9417 α=1.00 lr=3.74e-04 wall=138s
[ar_only] step  3000/6000 mode=ar   loss=2.9292 α=1.00 lr=3.45e-04 wall=147s
[ar_only] step  3200/6000 mode=ar   loss=2.9273 α=1.00 lr=3.15e-04 wall=156s
[ar_only] step  3400/6000 mode=ar   loss=3.1102 α=1.00 lr=2.86e-04 wall=165s
[ar_only] step  3600/6000 mode=ar   loss=2.8276 α=1.00 lr=2.58e-04 wall=174s
[ar_only] step  3800/6000 mode=ar   loss=2.8143 α=1.00 lr=2.30e-04 wall=184s
[ar_only] step  4000/6000 mode=ar   loss=2.7114 α=1.00 lr=2.04e-04 wall=193s
[ar_only] step  4200/6000 mode=ar   loss=2.9245 α=1.00 lr=1.78e-04 wall=203s
[ar_only] step  4400/6000 mode=ar   loss=2.6826 α=1.00 lr=1.55e-04 wall=212s
[ar_only] step  4600/6000 mode=ar   loss=2.8113 α=1.00 lr=1.34e-04 wall=221s
[ar_only] step  4800/6000 mode=ar   loss=2.6296 α=1.00 lr=1.15e-04 wall=230s
[ar_only] step  5000/6000 mode=ar   loss=2.6696 α=1.00 lr=9.86e-05 wall=241s
[ar_only] step  5200/6000 mode=ar   loss=2.4253 α=1.00 lr=8.50e-05 wall=251s
[ar_only] step  5400/6000 mode=ar   loss=2.4857 α=1.00 lr=7.41e-05 wall=261s
[ar_only] step  5600/6000 mode=ar   loss=2.5182 α=1.00 lr=6.63e-05 wall=271s
[ar_only] step  5800/6000 mode=ar   loss=2.5282 α=1.00 lr=6.16e-05 wall=282s
[ar_only] done. 292s. wrote /workspace/sfumato/e5/results/f3_ar_compute_control/60M/ar_only_seed130_6k/model.pt and /workspace/sfumato/e5/results/f3_ar_compute_control/60M/ar_only_seed130_6k/summary.json
  train wall_s=295.7
  AR-NLL = 1.6844

[60M seed=131] training AR-only 6k...
[ar_only] model: d=512 L=8 H=8 → 51.3M params
huggingface/tokenizers: The current process just got forked, after parallelism has already been used. Disabling parallelism to avoid deadlocks...
To disable this warning, you can either:
	- Avoid using `tokenizers` before the fork if possible
	- Explicitly set the environment variable TOKENIZERS_PARALLELISM=(true | false)
huggingface/tokenizers: The current process just got forked, after parallelism has already been used. Disabling parallelism to avoid deadlocks...
To disable this warning, you can either:
	- Avoid using `tokenizers` before the fork if possible
	- Explicitly set the environment variable TOKENIZERS_PARALLELISM=(true | false)
[ar_only] step     0/6000 mode=ar   loss=10.9234 α=1.00 lr=0.00e+00 wall=0s
[ar_only] step   200/6000 mode=ar   loss=4.7415 α=1.00 lr=6.00e-04 wall=11s
[ar_only] step   400/6000 mode=ar   loss=4.7270 α=1.00 lr=5.98e-04 wall=21s
[ar_only] step   600/6000 mode=ar   loss=4.3078 α=1.00 lr=5.94e-04 wall=32s
[ar_only] step   800/6000 mode=ar   loss=4.1024 α=1.00 lr=5.86e-04 wall=42s
[ar_only] step  1000/6000 mode=ar   loss=3.8966 α=1.00 lr=5.75e-04 wall=53s
[ar_only] step  1200/6000 mode=ar   loss=3.8147 α=1.00 lr=5.61e-04 wall=64s
[ar_only] step  1400/6000 mode=ar   loss=3.9657 α=1.00 lr=5.45e-04 wall=75s
[ar_only] step  1600/6000 mode=ar   loss=3.5209 α=1.00 lr=5.26e-04 wall=85s
[ar_only] step  1800/6000 mode=ar   loss=3.2964 α=1.00 lr=5.05e-04 wall=96s
[ar_only] step  2000/6000 mode=ar   loss=3.2988 α=1.00 lr=4.82e-04 wall=107s
[ar_only] step  2200/6000 mode=ar   loss=3.1733 α=1.00 lr=4.56e-04 wall=117s
[ar_only] step  2400/6000 mode=ar   loss=2.8617 α=1.00 lr=4.30e-04 wall=128s
[ar_only] step  2600/6000 mode=ar   loss=3.1944 α=1.00 lr=4.02e-04 wall=139s
[ar_only] step  2800/6000 mode=ar   loss=2.9247 α=1.00 lr=3.74e-04 wall=150s
[ar_only] step  3000/6000 mode=ar   loss=3.3042 α=1.00 lr=3.45e-04 wall=161s
[ar_only] step  3200/6000 mode=ar   loss=2.9667 α=1.00 lr=3.15e-04 wall=171s
[ar_only] step  3400/6000 mode=ar   loss=2.9210 α=1.00 lr=2.86e-04 wall=182s
[ar_only] step  3600/6000 mode=ar   loss=2.7581 α=1.00 lr=2.58e-04 wall=192s
[ar_only] step  3800/6000 mode=ar   loss=2.6011 α=1.00 lr=2.30e-04 wall=203s
[ar_only] step  4000/6000 mode=ar   loss=2.4669 α=1.00 lr=2.04e-04 wall=214s
[ar_only] step  4200/6000 mode=ar   loss=2.8683 α=1.00 lr=1.78e-04 wall=224s
[ar_only] step  4400/6000 mode=ar   loss=2.6149 α=1.00 lr=1.55e-04 wall=234s
[ar_only] step  4600/6000 mode=ar   loss=2.6999 α=1.00 lr=1.34e-04 wall=245s
[ar_only] step  4800/6000 mode=ar   loss=2.6784 α=1.00 lr=1.15e-04 wall=256s
[ar_only] step  5000/6000 mode=ar   loss=2.6115 α=1.00 lr=9.86e-05 wall=266s
[ar_only] step  5200/6000 mode=ar   loss=2.7595 α=1.00 lr=8.50e-05 wall=277s
[ar_only] step  5400/6000 mode=ar   loss=2.6976 α=1.00 lr=7.41e-05 wall=288s
[ar_only] step  5600/6000 mode=ar   loss=2.6734 α=1.00 lr=6.63e-05 wall=299s
[ar_only] step  5800/6000 mode=ar   loss=2.4291 α=1.00 lr=6.16e-05 wall=309s
[ar_only] done. 319s. wrote /workspace/sfumato/e5/results/f3_ar_compute_control/60M/ar_only_seed131_6k/model.pt and /workspace/sfumato/e5/results/f3_ar_compute_control/60M/ar_only_seed131_6k/summary.json
  train wall_s=321.2
  AR-NLL = 1.6846

[60M seed=132] training AR-only 6k...
[ar_only] model: d=512 L=8 H=8 → 51.3M params
huggingface/tokenizers: The current process just got forked, after parallelism has already been used. Disabling parallelism to avoid deadlocks...
To disable this warning, you can either:
	- Avoid using `tokenizers` before the fork if possible
	- Explicitly set the environment variable TOKENIZERS_PARALLELISM=(true | false)
huggingface/tokenizers: The current process just got forked, after parallelism has already been used. Disabling parallelism to avoid deadlocks...
To disable this warning, you can either:
	- Avoid using `tokenizers` before the fork if possible
	- Explicitly set the environment variable TOKENIZERS_PARALLELISM=(true | false)
[ar_only] step     0/6000 mode=ar   loss=10.9236 α=1.00 lr=0.00e+00 wall=0s
[ar_only] step   200/6000 mode=ar   loss=4.9901 α=1.00 lr=6.00e-04 wall=10s
[ar_only] step   400/6000 mode=ar   loss=4.2172 α=1.00 lr=5.98e-04 wall=21s
[ar_only] step   600/6000 mode=ar   loss=4.0793 α=1.00 lr=5.94e-04 wall=31s
[ar_only] step   800/6000 mode=ar   loss=4.1274 α=1.00 lr=5.86e-04 wall=41s
[ar_only] step  1000/6000 mode=ar   loss=3.9766 α=1.00 lr=5.75e-04 wall=52s
[ar_only] step  1200/6000 mode=ar   loss=3.6270 α=1.00 lr=5.61e-04 wall=62s
[ar_only] step  1400/6000 mode=ar   loss=3.7876 α=1.00 lr=5.45e-04 wall=72s
[ar_only] step  1600/6000 mode=ar   loss=3.5851 α=1.00 lr=5.26e-04 wall=82s
[ar_only] step  1800/6000 mode=ar   loss=3.4151 α=1.00 lr=5.05e-04 wall=93s
[ar_only] step  2000/6000 mode=ar   loss=3.3898 α=1.00 lr=4.82e-04 wall=103s
[ar_only] step  2200/6000 mode=ar   loss=3.2367 α=1.00 lr=4.56e-04 wall=113s
[ar_only] step  2400/6000 mode=ar   loss=3.4722 α=1.00 lr=4.30e-04 wall=123s
[ar_only] step  2600/6000 mode=ar   loss=3.1516 α=1.00 lr=4.02e-04 wall=133s
[ar_only] step  2800/6000 mode=ar   loss=3.4253 α=1.00 lr=3.74e-04 wall=142s
[ar_only] step  3000/6000 mode=ar   loss=3.2931 α=1.00 lr=3.45e-04 wall=151s
[ar_only] step  3200/6000 mode=ar   loss=2.9828 α=1.00 lr=3.15e-04 wall=161s
[ar_only] step  3400/6000 mode=ar   loss=2.9730 α=1.00 lr=2.86e-04 wall=172s
[ar_only] step  3600/6000 mode=ar   loss=2.7553 α=1.00 lr=2.58e-04 wall=182s
[ar_only] step  3800/6000 mode=ar   loss=2.6070 α=1.00 lr=2.30e-04 wall=192s
[ar_only] step  4000/6000 mode=ar   loss=2.9321 α=1.00 lr=2.04e-04 wall=202s
[ar_only] step  4200/6000 mode=ar   loss=2.8136 α=1.00 lr=1.78e-04 wall=213s
[ar_only] step  4400/6000 mode=ar   loss=2.5022 α=1.00 lr=1.55e-04 wall=223s
[ar_only] step  4600/6000 mode=ar   loss=2.6727 α=1.00 lr=1.34e-04 wall=233s
[ar_only] step  4800/6000 mode=ar   loss=2.7358 α=1.00 lr=1.15e-04 wall=243s
[ar_only] step  5000/6000 mode=ar   loss=2.6481 α=1.00 lr=9.86e-05 wall=254s
[ar_only] step  5200/6000 mode=ar   loss=2.6330 α=1.00 lr=8.50e-05 wall=265s
[ar_only] step  5400/6000 mode=ar   loss=2.7034 α=1.00 lr=7.41e-05 wall=275s
[ar_only] step  5600/6000 mode=ar   loss=2.4403 α=1.00 lr=6.63e-05 wall=285s
[ar_only] step  5800/6000 mode=ar   loss=2.5125 α=1.00 lr=6.16e-05 wall=295s
[ar_only] done. 306s. wrote /workspace/sfumato/e5/results/f3_ar_compute_control/60M/ar_only_seed132_6k/model.pt and /workspace/sfumato/e5/results/f3_ar_compute_control/60M/ar_only_seed132_6k/summary.json
  train wall_s=307.7
  AR-NLL = 1.728

[120M seed=130] training AR-only 6k...
[ar_only] model: d=640 L=10 H=10 → 81.9M params
huggingface/tokenizers: The current process just got forked, after parallelism has already been used. Disabling parallelism to avoid deadlocks...
huggingface/tokenizers: The current process just got forked, after parallelism has already been used. Disabling parallelism to avoid deadlocks...
To disable this warning, you can either:
To disable this warning, you can either:
	- Avoid using `tokenizers` before the fork if possible
	- Explicitly set the environment variable 	- Avoid using `tokenizers` before the fork if possible
	- Explicitly set the environment variable TOKENIZERS_PARALLELISMTOKENIZERS_PARALLELISM=(true | false)
=(true | false)
[ar_only] step     0/6000 mode=ar   loss=10.9594 α=1.00 lr=0.00e+00 wall=0s
[ar_only] step   200/6000 mode=ar   loss=5.0949 α=1.00 lr=6.00e-04 wall=12s
[ar_only] step   400/6000 mode=ar   loss=4.4838 α=1.00 lr=5.98e-04 wall=24s
[ar_only] step   600/6000 mode=ar   loss=4.7062 α=1.00 lr=5.94e-04 wall=36s
[ar_only] step   800/6000 mode=ar   loss=3.9495 α=1.00 lr=5.86e-04 wall=48s
[ar_only] step  1000/6000 mode=ar   loss=3.9551 α=1.00 lr=5.75e-04 wall=59s
[ar_only] step  1200/6000 mode=ar   loss=3.9233 α=1.00 lr=5.61e-04 wall=71s
[ar_only] step  1400/6000 mode=ar   loss=3.8680 α=1.00 lr=5.45e-04 wall=84s
[ar_only] step  1600/6000 mode=ar   loss=3.5974 α=1.00 lr=5.26e-04 wall=96s
[ar_only] step  1800/6000 mode=ar   loss=3.4780 α=1.00 lr=5.05e-04 wall=108s
[ar_only] step  2000/6000 mode=ar   loss=3.3563 α=1.00 lr=4.82e-04 wall=119s
[ar_only] step  2200/6000 mode=ar   loss=3.1997 α=1.00 lr=4.56e-04 wall=131s
[ar_only] step  2400/6000 mode=ar   loss=3.3451 α=1.00 lr=4.30e-04 wall=143s
[ar_only] step  2600/6000 mode=ar   loss=3.3513 α=1.00 lr=4.02e-04 wall=155s
[ar_only] step  2800/6000 mode=ar   loss=2.9493 α=1.00 lr=3.74e-04 wall=167s
[ar_only] step  3000/6000 mode=ar   loss=2.9371 α=1.00 lr=3.45e-04 wall=179s
[ar_only] step  3200/6000 mode=ar   loss=2.9234 α=1.00 lr=3.15e-04 wall=191s
[ar_only] step  3400/6000 mode=ar   loss=3.1084 α=1.00 lr=2.86e-04 wall=202s
[ar_only] step  3600/6000 mode=ar   loss=2.7861 α=1.00 lr=2.58e-04 wall=214s
[ar_only] step  3800/6000 mode=ar   loss=2.8117 α=1.00 lr=2.30e-04 wall=226s
[ar_only] step  4000/6000 mode=ar   loss=2.6380 α=1.00 lr=2.04e-04 wall=238s
[ar_only] step  4200/6000 mode=ar   loss=2.9019 α=1.00 lr=1.78e-04 wall=249s
[ar_only] step  4400/6000 mode=ar   loss=2.6554 α=1.00 lr=1.55e-04 wall=261s
[ar_only] step  4600/6000 mode=ar   loss=2.7706 α=1.00 lr=1.34e-04 wall=272s
[ar_only] step  4800/6000 mode=ar   loss=2.6199 α=1.00 lr=1.15e-04 wall=284s
[ar_only] step  5000/6000 mode=ar   loss=2.6660 α=1.00 lr=9.86e-05 wall=296s
[ar_only] step  5200/6000 mode=ar   loss=2.4042 α=1.00 lr=8.50e-05 wall=307s
[ar_only] step  5400/6000 mode=ar   loss=2.4631 α=1.00 lr=7.41e-05 wall=319s
[ar_only] step  5600/6000 mode=ar   loss=2.4927 α=1.00 lr=6.63e-05 wall=330s
[ar_only] step  5800/6000 mode=ar   loss=2.5006 α=1.00 lr=6.16e-05 wall=342s
[ar_only] done. 354s. wrote /workspace/sfumato/e5/results/f3_ar_compute_control/120M/ar_only_seed130_6k/model.pt and /workspace/sfumato/e5/results/f3_ar_compute_control/120M/ar_only_seed130_6k/summary.json
  train wall_s=356.3
  AR-NLL = 1.6482

[120M seed=131] training AR-only 6k...
[ar_only] model: d=640 L=10 H=10 → 81.9M params
huggingface/tokenizers: The current process just got forked, after parallelism has already been used. Disabling parallelism to avoid deadlocks...
To disable this warning, you can either:
	- Avoid using `tokenizers` before the fork if possible
	- Explicitly set the environment variable TOKENIZERS_PARALLELISMhuggingface/tokenizers: The current process just got forked, after parallelism has already been used. Disabling parallelism to avoid deadlocks...
To disable this warning, you can either:
=(true | false)
	- Avoid using `tokenizers` before the fork if possible
	- Explicitly set the environment variable TOKENIZERS_PARALLELISM=(true | false)
[ar_only] step     0/6000 mode=ar   loss=10.9093 α=1.00 lr=0.00e+00 wall=0s
[ar_only] step   200/6000 mode=ar   loss=4.6918 α=1.00 lr=6.00e-04 wall=12s
[ar_only] step   400/6000 mode=ar   loss=4.7299 α=1.00 lr=5.98e-04 wall=24s
[ar_only] step   600/6000 mode=ar   loss=4.3063 α=1.00 lr=5.94e-04 wall=35s
[ar_only] step   800/6000 mode=ar   loss=4.0904 α=1.00 lr=5.86e-04 wall=47s
[ar_only] step  1000/6000 mode=ar   loss=3.9518 α=1.00 lr=5.75e-04 wall=59s
[ar_only] step  1200/6000 mode=ar   loss=3.8698 α=1.00 lr=5.61e-04 wall=71s
[ar_only] step  1400/6000 mode=ar   loss=4.1072 α=1.00 lr=5.45e-04 wall=83s
[ar_only] step  1600/6000 mode=ar   loss=3.6194 α=1.00 lr=5.26e-04 wall=95s
[ar_only] step  1800/6000 mode=ar   loss=3.3653 α=1.00 lr=5.05e-04 wall=107s
[ar_only] step  2000/6000 mode=ar   loss=3.3736 α=1.00 lr=4.82e-04 wall=118s
[ar_only] step  2200/6000 mode=ar   loss=3.2587 α=1.00 lr=4.56e-04 wall=130s
[ar_only] step  2400/6000 mode=ar   loss=2.8704 α=1.00 lr=4.30e-04 wall=142s
[ar_only] step  2600/6000 mode=ar   loss=3.2073 α=1.00 lr=4.02e-04 wall=154s
[ar_only] step  2800/6000 mode=ar   loss=2.9332 α=1.00 lr=3.74e-04 wall=166s
[ar_only] step  3000/6000 mode=ar   loss=3.3226 α=1.00 lr=3.45e-04 wall=178s
[ar_only] step  3200/6000 mode=ar   loss=2.9855 α=1.00 lr=3.15e-04 wall=190s
[ar_only] step  3400/6000 mode=ar   loss=2.9462 α=1.00 lr=2.86e-04 wall=202s
[ar_only] step  3600/6000 mode=ar   loss=2.7444 α=1.00 lr=2.58e-04 wall=213s
[ar_only] step  3800/6000 mode=ar   loss=2.5598 α=1.00 lr=2.30e-04 wall=225s
[ar_only] step  4000/6000 mode=ar   loss=2.4388 α=1.00 lr=2.04e-04 wall=237s
[ar_only] step  4200/6000 mode=ar   loss=2.8339 α=1.00 lr=1.78e-04 wall=249s
[ar_only] step  4400/6000 mode=ar   loss=2.6090 α=1.00 lr=1.55e-04 wall=260s
[ar_only] step  4600/6000 mode=ar   loss=2.6396 α=1.00 lr=1.34e-04 wall=272s
[ar_only] step  4800/6000 mode=ar   loss=2.6445 α=1.00 lr=1.15e-04 wall=284s
[ar_only] step  5000/6000 mode=ar   loss=2.5313 α=1.00 lr=9.86e-05 wall=296s
[ar_only] step  5200/6000 mode=ar   loss=2.6586 α=1.00 lr=8.50e-05 wall=308s
[ar_only] step  5400/6000 mode=ar   loss=2.6127 α=1.00 lr=7.41e-05 wall=320s
[ar_only] step  5600/6000 mode=ar   loss=2.5707 α=1.00 lr=6.63e-05 wall=332s
[ar_only] step  5800/6000 mode=ar   loss=2.3609 α=1.00 lr=6.16e-05 wall=343s
[ar_only] done. 355s. wrote /workspace/sfumato/e5/results/f3_ar_compute_control/120M/ar_only_seed131_6k/model.pt and /workspace/sfumato/e5/results/f3_ar_compute_control/120M/ar_only_seed131_6k/summary.json
  train wall_s=357.7
  AR-NLL = 1.6119

[120M seed=132] training AR-only 6k...
[ar_only] model: d=640 L=10 H=10 → 81.9M params
huggingface/tokenizers: The current process just got forked, after parallelism has already been used. Disabling parallelism to avoid deadlocks...
To disable this warning, you can either:
	- Avoid using `tokenizers` before the fork if possible
	- Explicitly set the environment variable huggingface/tokenizers: The current process just got forked, after parallelism has already been used. Disabling parallelism to avoid deadlocks...
To disable this warning, you can either:
TOKENIZERS_PARALLELISM=(true | false)
	- Avoid using `tokenizers` before the fork if possible
	- Explicitly set the environment variable TOKENIZERS_PARALLELISM=(true | false)
[ar_only] step     0/6000 mode=ar   loss=10.9513 α=1.00 lr=0.00e+00 wall=0s
[ar_only] step   200/6000 mode=ar   loss=4.9424 α=1.00 lr=6.00e-04 wall=12s
[ar_only] step   400/6000 mode=ar   loss=4.2634 α=1.00 lr=5.98e-04 wall=24s
[ar_only] step   600/6000 mode=ar   loss=4.1642 α=1.00 lr=5.94e-04 wall=35s
[ar_only] step   800/6000 mode=ar   loss=4.1723 α=1.00 lr=5.86e-04 wall=47s
[ar_only] step  1000/6000 mode=ar   loss=4.0029 α=1.00 lr=5.75e-04 wall=59s
[ar_only] step  1200/6000 mode=ar   loss=3.6925 α=1.00 lr=5.61e-04 wall=71s
[ar_only] step  1400/6000 mode=ar   loss=3.7928 α=1.00 lr=5.45e-04 wall=82s
[ar_only] step  1600/6000 mode=ar   loss=3.6226 α=1.00 lr=5.26e-04 wall=94s
[ar_only] step  1800/6000 mode=ar   loss=3.3741 α=1.00 lr=5.05e-04 wall=105s
[ar_only] step  2000/6000 mode=ar   loss=3.4340 α=1.00 lr=4.82e-04 wall=117s
[ar_only] step  2200/6000 mode=ar   loss=3.2438 α=1.00 lr=4.56e-04 wall=128s
[ar_only] step  2400/6000 mode=ar   loss=3.4584 α=1.00 lr=4.30e-04 wall=140s
[ar_only] step  2600/6000 mode=ar   loss=3.1743 α=1.00 lr=4.02e-04 wall=150s
[ar_only] step  2800/6000 mode=ar   loss=3.4585 α=1.00 lr=3.74e-04 wall=162s
[ar_only] step  3000/6000 mode=ar   loss=3.2635 α=1.00 lr=3.45e-04 wall=173s
[ar_only] step  3200/6000 mode=ar   loss=2.9876 α=1.00 lr=3.15e-04 wall=184s
[ar_only] step  3400/6000 mode=ar   loss=2.9583 α=1.00 lr=2.86e-04 wall=195s
[ar_only] step  3600/6000 mode=ar   loss=2.6805 α=1.00 lr=2.58e-04 wall=207s
[ar_only] step  3800/6000 mode=ar   loss=2.5709 α=1.00 lr=2.30e-04 wall=219s
[ar_only] step  4000/6000 mode=ar   loss=2.8455 α=1.00 lr=2.04e-04 wall=231s
[ar_only] step  4200/6000 mode=ar   loss=2.7920 α=1.00 lr=1.78e-04 wall=243s
[ar_only] step  4400/6000 mode=ar   loss=2.5014 α=1.00 lr=1.55e-04 wall=255s
[ar_only] step  4600/6000 mode=ar   loss=2.6389 α=1.00 lr=1.34e-04 wall=265s
[ar_only] step  4800/6000 mode=ar   loss=2.6496 α=1.00 lr=1.15e-04 wall=277s
[ar_only] step  5000/6000 mode=ar   loss=2.5809 α=1.00 lr=9.86e-05 wall=288s
[ar_only] step  5200/6000 mode=ar   loss=2.5425 α=1.00 lr=8.50e-05 wall=300s
[ar_only] step  5400/6000 mode=ar   loss=2.6224 α=1.00 lr=7.41e-05 wall=312s
[ar_only] step  5600/6000 mode=ar   loss=2.3496 α=1.00 lr=6.63e-05 wall=323s
[ar_only] step  5800/6000 mode=ar   loss=2.4142 α=1.00 lr=6.16e-05 wall=335s
[ar_only] done. 347s. wrote /workspace/sfumato/e5/results/f3_ar_compute_control/120M/ar_only_seed132_6k/model.pt and /workspace/sfumato/e5/results/f3_ar_compute_control/120M/ar_only_seed132_6k/summary.json
  train wall_s=349.7
  AR-NLL = 1.67

[200M seed=130] training AR-only 6k...
[ar_only] model: d=896 L=12 H=16 → 161.7M params
huggingface/tokenizers: The current process just got forked, after parallelism has already been used. Disabling parallelism to avoid deadlocks...
To disable this warning, you can either:
	- Avoid using `tokenizers` before the fork if possible
	- Explicitly set the environment variable TOKENIZERS_PARALLELISM=(true | false)
huggingface/tokenizers: The current process just got forked, after parallelism has already been used. Disabling parallelism to avoid deadlocks...
To disable this warning, you can either:
	- Avoid using `tokenizers` before the fork if possible
	- Explicitly set the environment variable TOKENIZERS_PARALLELISM=(true | false)
[ar_only] step     0/6000 mode=ar   loss=11.0086 α=1.00 lr=0.00e+00 wall=0s
[ar_only] step   200/6000 mode=ar   loss=5.1456 α=1.00 lr=6.00e-04 wall=16s
[ar_only] step   400/6000 mode=ar   loss=4.5963 α=1.00 lr=5.98e-04 wall=32s
[ar_only] step   600/6000 mode=ar   loss=4.7872 α=1.00 lr=5.94e-04 wall=48s
[ar_only] step   800/6000 mode=ar   loss=4.0206 α=1.00 lr=5.86e-04 wall=64s
[ar_only] step  1000/6000 mode=ar   loss=4.0313 α=1.00 lr=5.75e-04 wall=80s
[ar_only] step  1200/6000 mode=ar   loss=3.9755 α=1.00 lr=5.61e-04 wall=96s
[ar_only] step  1400/6000 mode=ar   loss=3.9793 α=1.00 lr=5.45e-04 wall=112s
[ar_only] step  1600/6000 mode=ar   loss=3.7849 α=1.00 lr=5.26e-04 wall=128s
[ar_only] step  1800/6000 mode=ar   loss=3.6820 α=1.00 lr=5.05e-04 wall=143s
[ar_only] step  2000/6000 mode=ar   loss=3.5282 α=1.00 lr=4.82e-04 wall=159s
[ar_only] step  2200/6000 mode=ar   loss=3.4393 α=1.00 lr=4.56e-04 wall=175s
[ar_only] step  2400/6000 mode=ar   loss=3.5638 α=1.00 lr=4.30e-04 wall=191s
[ar_only] step  2600/6000 mode=ar   loss=3.5466 α=1.00 lr=4.02e-04 wall=207s
[ar_only] step  2800/6000 mode=ar   loss=3.2410 α=1.00 lr=3.74e-04 wall=223s
[ar_only] step  3000/6000 mode=ar   loss=3.1719 α=1.00 lr=3.45e-04 wall=239s
[ar_only] step  3200/6000 mode=ar   loss=3.1622 α=1.00 lr=3.15e-04 wall=255s
[ar_only] step  3400/6000 mode=ar   loss=3.4556 α=1.00 lr=2.86e-04 wall=270s
[ar_only] step  3600/6000 mode=ar   loss=3.1425 α=1.00 lr=2.58e-04 wall=286s
[ar_only] step  3800/6000 mode=ar   loss=3.1034 α=1.00 lr=2.30e-04 wall=302s
[ar_only] step  4000/6000 mode=ar   loss=2.9893 α=1.00 lr=2.04e-04 wall=318s
[ar_only] step  4200/6000 mode=ar   loss=3.1489 α=1.00 lr=1.78e-04 wall=334s
[ar_only] step  4400/6000 mode=ar   loss=2.8743 α=1.00 lr=1.55e-04 wall=350s
[ar_only] step  4600/6000 mode=ar   loss=3.1100 α=1.00 lr=1.34e-04 wall=366s
[ar_only] step  4800/6000 mode=ar   loss=2.9345 α=1.00 lr=1.15e-04 wall=382s
[ar_only] step  5000/6000 mode=ar   loss=2.9381 α=1.00 lr=9.86e-05 wall=398s
[ar_only] step  5200/6000 mode=ar   loss=2.7223 α=1.00 lr=8.50e-05 wall=414s
[ar_only] step  5400/6000 mode=ar   loss=2.7594 α=1.00 lr=7.41e-05 wall=429s
[ar_only] step  5600/6000 mode=ar   loss=2.8096 α=1.00 lr=6.63e-05 wall=445s
[ar_only] step  5800/6000 mode=ar   loss=2.8136 α=1.00 lr=6.16e-05 wall=461s
[ar_only] done. 477s. wrote /workspace/sfumato/e5/results/f3_ar_compute_control/200M/ar_only_seed130_6k/model.pt and /workspace/sfumato/e5/results/f3_ar_compute_control/200M/ar_only_seed130_6k/summary.json
  train wall_s=482.1
  AR-NLL = 2.0641

[200M seed=131] training AR-only 6k...
[ar_only] model: d=896 L=12 H=16 → 161.7M params
huggingface/tokenizers: The current process just got forked, after parallelism has already been used. Disabling parallelism to avoid deadlocks...
To disable this warning, you can either:
	- Avoid using `tokenizers` before the fork if possible
	- Explicitly set the environment variable TOKENIZERS_PARALLELISM=(true | false)
huggingface/tokenizers: The current process just got forked, after parallelism has already been used. Disabling parallelism to avoid deadlocks...
To disable this warning, you can either:
	- Avoid using `tokenizers` before the fork if possible
	- Explicitly set the environment variable TOKENIZERS_PARALLELISM=(true | false)
[ar_only] step     0/6000 mode=ar   loss=11.0059 α=1.00 lr=0.00e+00 wall=0s
[ar_only] step   200/6000 mode=ar   loss=4.7399 α=1.00 lr=6.00e-04 wall=16s
[ar_only] step   400/6000 mode=ar   loss=4.8270 α=1.00 lr=5.98e-04 wall=32s
[ar_only] step   600/6000 mode=ar   loss=4.3667 α=1.00 lr=5.94e-04 wall=48s
[ar_only] step   800/6000 mode=ar   loss=4.2063 α=1.00 lr=5.86e-04 wall=64s
[ar_only] step  1000/6000 mode=ar   loss=4.0118 α=1.00 lr=5.75e-04 wall=80s
[ar_only] step  1200/6000 mode=ar   loss=3.9731 α=1.00 lr=5.61e-04 wall=95s
[ar_only] step  1400/6000 mode=ar   loss=4.2008 α=1.00 lr=5.45e-04 wall=111s
[ar_only] step  1600/6000 mode=ar   loss=3.7911 α=1.00 lr=5.26e-04 wall=127s
[ar_only] step  1800/6000 mode=ar   loss=3.5265 α=1.00 lr=5.05e-04 wall=143s
[ar_only] step  2000/6000 mode=ar   loss=3.6084 α=1.00 lr=4.82e-04 wall=159s
[ar_only] step  2200/6000 mode=ar   loss=3.4653 α=1.00 lr=4.56e-04 wall=175s
[ar_only] step  2400/6000 mode=ar   loss=3.1275 α=1.00 lr=4.30e-04 wall=191s
[ar_only] step  2600/6000 mode=ar   loss=3.4724 α=1.00 lr=4.02e-04 wall=207s
[ar_only] step  2800/6000 mode=ar   loss=3.2739 α=1.00 lr=3.74e-04 wall=222s
[ar_only] step  3000/6000 mode=ar   loss=3.6247 α=1.00 lr=3.45e-04 wall=238s
[ar_only] step  3200/6000 mode=ar   loss=3.2460 α=1.00 lr=3.15e-04 wall=254s
[ar_only] step  3400/6000 mode=ar   loss=3.2609 α=1.00 lr=2.86e-04 wall=270s
[ar_only] step  3600/6000 mode=ar   loss=3.0641 α=1.00 lr=2.58e-04 wall=286s
[ar_only] step  3800/6000 mode=ar   loss=2.8826 α=1.00 lr=2.30e-04 wall=302s
[ar_only] step  4000/6000 mode=ar   loss=2.7954 α=1.00 lr=2.04e-04 wall=318s
[ar_only] step  4200/6000 mode=ar   loss=3.2228 α=1.00 lr=1.78e-04 wall=334s
[ar_only] step  4400/6000 mode=ar   loss=2.8951 α=1.00 lr=1.55e-04 wall=350s
[ar_only] step  4600/6000 mode=ar   loss=2.9661 α=1.00 lr=1.34e-04 wall=366s
[ar_only] step  4800/6000 mode=ar   loss=2.9653 α=1.00 lr=1.15e-04 wall=382s
[ar_only] step  5000/6000 mode=ar   loss=2.8559 α=1.00 lr=9.86e-05 wall=398s
[ar_only] step  5200/6000 mode=ar   loss=3.0303 α=1.00 lr=8.50e-05 wall=414s
[ar_only] step  5400/6000 mode=ar   loss=2.9978 α=1.00 lr=7.41e-05 wall=430s
[ar_only] step  5600/6000 mode=ar   loss=2.9658 α=1.00 lr=6.63e-05 wall=445s
[ar_only] step  5800/6000 mode=ar   loss=2.7334 α=1.00 lr=6.16e-05 wall=461s
[ar_only] done. 477s. wrote /workspace/sfumato/e5/results/f3_ar_compute_control/200M/ar_only_seed131_6k/model.pt and /workspace/sfumato/e5/results/f3_ar_compute_control/200M/ar_only_seed131_6k/summary.json
  train wall_s=481.7
  AR-NLL = 2.0785

[200M seed=132] training AR-only 6k...
[ar_only] model: d=896 L=12 H=16 → 161.7M params
huggingface/tokenizers: The current process just got forked, after parallelism has already been used. Disabling parallelism to avoid deadlocks...
To disable this warning, you can either:
	- Avoid using `tokenizers` before the fork if possible
	- Explicitly set the environment variable TOKENIZERS_PARALLELISM=(true | false)
huggingface/tokenizers: The current process just got forked, after parallelism has already been used. Disabling parallelism to avoid deadlocks...
To disable this warning, you can either:
	- Avoid using `tokenizers` before the fork if possible
	- Explicitly set the environment variable TOKENIZERS_PARALLELISM=(true | false)
[ar_only] step     0/6000 mode=ar   loss=11.0359 α=1.00 lr=0.00e+00 wall=0s
[ar_only] step   200/6000 mode=ar   loss=4.9792 α=1.00 lr=6.00e-04 wall=16s
[ar_only] step   400/6000 mode=ar   loss=4.3113 α=1.00 lr=5.98e-04 wall=32s
[ar_only] step   600/6000 mode=ar   loss=4.2223 α=1.00 lr=5.94e-04 wall=48s
[ar_only] step   800/6000 mode=ar   loss=4.2703 α=1.00 lr=5.86e-04 wall=64s
[ar_only] step  1000/6000 mode=ar   loss=4.1883 α=1.00 lr=5.75e-04 wall=80s
[ar_only] step  1200/6000 mode=ar   loss=3.9506 α=1.00 lr=5.61e-04 wall=96s
[ar_only] step  1400/6000 mode=ar   loss=4.0810 α=1.00 lr=5.45e-04 wall=112s
[ar_only] step  1600/6000 mode=ar   loss=3.9503 α=1.00 lr=5.26e-04 wall=127s
[ar_only] step  1800/6000 mode=ar   loss=3.8291 α=1.00 lr=5.05e-04 wall=143s
[ar_only] step  2000/6000 mode=ar   loss=3.8968 α=1.00 lr=4.82e-04 wall=159s
[ar_only] step  2200/6000 mode=ar   loss=3.6489 α=1.00 lr=4.56e-04 wall=175s
[ar_only] step  2400/6000 mode=ar   loss=3.8507 α=1.00 lr=4.30e-04 wall=191s
[ar_only] step  2600/6000 mode=ar   loss=3.6550 α=1.00 lr=4.02e-04 wall=207s
[ar_only] step  2800/6000 mode=ar   loss=3.9341 α=1.00 lr=3.74e-04 wall=223s
[ar_only] step  3000/6000 mode=ar   loss=3.7577 α=1.00 lr=3.45e-04 wall=239s
[ar_only] step  3200/6000 mode=ar   loss=3.4627 α=1.00 lr=3.15e-04 wall=254s
[ar_only] step  3400/6000 mode=ar   loss=3.3402 α=1.00 lr=2.86e-04 wall=270s
[ar_only] step  3600/6000 mode=ar   loss=3.2218 α=1.00 lr=2.58e-04 wall=286s
[ar_only] step  3800/6000 mode=ar   loss=3.0604 α=1.00 lr=2.30e-04 wall=302s
[ar_only] step  4000/6000 mode=ar   loss=3.3449 α=1.00 lr=2.04e-04 wall=318s
[ar_only] step  4200/6000 mode=ar   loss=3.2551 α=1.00 lr=1.78e-04 wall=334s
[ar_only] step  4400/6000 mode=ar   loss=2.9069 α=1.00 lr=1.55e-04 wall=350s
[ar_only] step  4600/6000 mode=ar   loss=3.1072 α=1.00 lr=1.34e-04 wall=366s
[ar_only] step  4800/6000 mode=ar   loss=3.1503 α=1.00 lr=1.15e-04 wall=382s
[ar_only] step  5000/6000 mode=ar   loss=3.0914 α=1.00 lr=9.86e-05 wall=398s
[ar_only] step  5200/6000 mode=ar   loss=2.9981 α=1.00 lr=8.50e-05 wall=414s
[ar_only] step  5400/6000 mode=ar   loss=3.0382 α=1.00 lr=7.41e-05 wall=430s
[ar_only] step  5600/6000 mode=ar   loss=2.7861 α=1.00 lr=6.63e-05 wall=446s
[ar_only] step  5800/6000 mode=ar   loss=2.8389 α=1.00 lr=6.16e-05 wall=462s
[ar_only] done. 478s. wrote /workspace/sfumato/e5/results/f3_ar_compute_control/200M/ar_only_seed132_6k/model.pt and /workspace/sfumato/e5/results/f3_ar_compute_control/200M/ar_only_seed132_6k/summary.json
  train wall_s=483.2
  AR-NLL = 2.1712

========== FINAL AGGREGATE ==========
  60M: AR-only-6k AR-NLL mean=1.699 std=0.021 n=3
  120M: AR-only-6k AR-NLL mean=1.643 std=0.024 n=3
  200M: AR-only-6k AR-NLL mean=2.105 std=0.047 n=3 composite-3k advantage = +0.695 NLL
===== Overnight pod2 F3 DONE Thu May 14 22:15:17 UTC 2026 =====
